Archive member included to satisfy reference by file (symbol)

/Users/R-Zaveri/Desktop/EC444/receiver/build/cxx/libcxx.a(cxx_exception_stubs.o)
                              (__cxx_fatal_exception)
/Users/R-Zaveri/Desktop/EC444/receiver/build/cxx/libcxx.a(cxx_guards.o)
                              (__cxa_guard_dummy)
/Users/R-Zaveri/Desktop/EC444/receiver/build/esp32/libesp32.a(cpu_start.o)
                              (call_start_cpu0)
/Users/R-Zaveri/Desktop/EC444/receiver/build/esp32/libesp32.a(crosscore_int.o)
                              /Users/R-Zaveri/Desktop/EC444/receiver/build/esp32/libesp32.a(cpu_start.o) (esp_crosscore_int_init)
/Users/R-Zaveri/Desktop/EC444/receiver/build/esp32/libesp32.a(dbg_stubs.o)
                              /Users/R-Zaveri/Desktop/EC444/receiver/build/esp32/libesp32.a(cpu_start.o) (esp_dbg_stubs_init)
/Users/R-Zaveri/Desktop/EC444/receiver/build/esp32/libesp32.a(dport_access.o)
                              /Users/R-Zaveri/Desktop/EC444/receiver/build/esp32/libesp32.a(cpu_start.o) (esp_dport_access_stall_other_cpu_start)
/Users/R-Zaveri/Desktop/EC444/receiver/build/esp32/libesp32.a(esp_timer.o)
                              /Users/R-Zaveri/Desktop/EC444/receiver/build/esp32/libesp32.a(cpu_start.o) (esp_timer_init)
/Users/R-Zaveri/Desktop/EC444/receiver/build/esp32/libesp32.a(esp_timer_esp32.o)
                              /Users/R-Zaveri/Desktop/EC444/receiver/build/esp32/libesp32.a(esp_timer.o) (esp_timer_impl_get_time)
/Users/R-Zaveri/Desktop/EC444/receiver/build/esp32/libesp32.a(int_wdt.o)
                              /Users/R-Zaveri/Desktop/EC444/receiver/build/esp32/libesp32.a(cpu_start.o) (esp_int_wdt_init)
/Users/R-Zaveri/Desktop/EC444/receiver/build/esp32/libesp32.a(intr_alloc.o)
                              /Users/R-Zaveri/Desktop/EC444/receiver/build/esp32/libesp32.a(esp_timer_esp32.o) (esp_intr_enable)
/Users/R-Zaveri/Desktop/EC444/receiver/build/esp32/libesp32.a(ipc.o)
                              /Users/R-Zaveri/Desktop/EC444/receiver/build/esp32/libesp32.a(cpu_start.o) (esp_ipc_init)
/Users/R-Zaveri/Desktop/EC444/receiver/build/esp32/libesp32.a(panic.o)
                              /Users/R-Zaveri/Desktop/EC444/receiver/build/cxx/libcxx.a(cxx_exception_stubs.o) (abort)
/Users/R-Zaveri/Desktop/EC444/receiver/build/esp32/libesp32.a(system_api.o)
                              /Users/R-Zaveri/Desktop/EC444/receiver/build/esp32/libesp32.a(panic.o) (esp_restart_noos)
/Users/R-Zaveri/Desktop/EC444/receiver/build/esp32/libesp32.a(task_wdt.o)
                              /Users/R-Zaveri/Desktop/EC444/receiver/build/esp32/libesp32.a(cpu_start.o) (esp_task_wdt_init)
/Users/R-Zaveri/Desktop/EC444/receiver/build/esp32/libesp32.a(dport_panic_highint_hdl.o)
                              (ld_include_panic_highint_hdl)
/Users/R-Zaveri/Desktop/EC444/receiver/build/esp32/libesp32.a(brownout.o)
                              /Users/R-Zaveri/Desktop/EC444/receiver/build/esp32/libesp32.a(cpu_start.o) (esp_brownout_init)
/Users/R-Zaveri/Desktop/EC444/receiver/build/esp32/libesp32.a(cache_err_int.o)
                              /Users/R-Zaveri/Desktop/EC444/receiver/build/esp32/libesp32.a(cpu_start.o) (esp_cache_err_int_init)
/Users/R-Zaveri/Desktop/EC444/receiver/build/esp32/libesp32.a(clk.o)
                              /Users/R-Zaveri/Desktop/EC444/receiver/build/esp32/libesp32.a(cpu_start.o) (esp_clk_init)
/Users/R-Zaveri/Desktop/EC444/receiver/build/esp32/libesp32.a(esp_err_to_name.o)
                              /Users/R-Zaveri/Desktop/EC444/receiver/build/esp32/libesp32.a(panic.o) (esp_err_to_name)
/Users/R-Zaveri/Desktop/EC444/receiver/build/esp32/libesp32.a(freertos_hooks.o)
                              /Users/R-Zaveri/Desktop/EC444/receiver/build/esp32/libesp32.a(task_wdt.o) (esp_register_freertos_idle_hook_for_cpu)
/Users/R-Zaveri/esp/esp-idf/components/esp32/libhal.a(int_asm--set_intclear.o)
                              /Users/R-Zaveri/Desktop/EC444/receiver/build/esp32/libesp32.a(intr_alloc.o) (xthal_set_intclear)
/Users/R-Zaveri/Desktop/EC444/receiver/build/freertos/libfreertos.a(FreeRTOS-openocd.o)
                              (uxTopUsedPriority)
/Users/R-Zaveri/Desktop/EC444/receiver/build/freertos/libfreertos.a(port.o)
                              /Users/R-Zaveri/Desktop/EC444/receiver/build/esp32/libesp32.a(cpu_start.o) (port_xSchedulerRunning)
/Users/R-Zaveri/Desktop/EC444/receiver/build/freertos/libfreertos.a(queue.o)
                              /Users/R-Zaveri/Desktop/EC444/receiver/build/esp32/libesp32.a(ipc.o) (xQueueGenericCreate)
/Users/R-Zaveri/Desktop/EC444/receiver/build/freertos/libfreertos.a(tasks.o)
                              /Users/R-Zaveri/Desktop/EC444/receiver/build/esp32/libesp32.a(system_api.o) (vTaskSuspendAll)
/Users/R-Zaveri/Desktop/EC444/receiver/build/freertos/libfreertos.a(timers.o)
                              /Users/R-Zaveri/Desktop/EC444/receiver/build/freertos/libfreertos.a(tasks.o) (xTimerCreateTimerTask)
[...]
Memory Configuration

Name             Origin             Length             Attributes
iram0_0_seg      0x0000000040080000 0x0000000000020000 xr
iram0_2_seg      0x00000000400d0018 0x000000000032ffe8 xr
dram0_0_seg      0x000000003ffb0000 0x000000000002c200 rw
drom0_0_seg      0x000000003f400018 0x00000000003fffe8 r
rtc_iram_seg     0x00000000400c0000 0x0000000000002000 xrw
rtc_slow_seg     0x0000000050000000 0x0000000000001000 rw
*default*        0x0000000000000000 0xffffffffffffffff

Linker script and memory map

START GROUP
LOAD /Users/R-Zaveri/Desktop/EC444/receiver/build/app_trace/libapp_trace.a
LOAD /Users/R-Zaveri/Desktop/EC444/receiver/build/app_update/libapp_update.a
LOAD /Users/R-Zaveri/Desktop/EC444/receiver/build/asio/libasio.a
LOAD /Users/R-Zaveri/Desktop/EC444/receiver/build/bootloader_support/libbootloader_support.a
LOAD /Users/R-Zaveri/Desktop/EC444/receiver/build/bt/libbt.a
LOAD /Users/R-Zaveri/Desktop/EC444/receiver/build/coap/libcoap.a
LOAD /Users/R-Zaveri/Desktop/EC444/receiver/build/console/libconsole.a
LOAD /Users/R-Zaveri/Desktop/EC444/receiver/build/cxx/libcxx.a
LOAD /Users/R-Zaveri/Desktop/EC444/receiver/build/driver/libdriver.a
LOAD /Users/R-Zaveri/Desktop/EC444/receiver/build/esp-tls/libesp-tls.a
LOAD /Users/R-Zaveri/Desktop/EC444/receiver/build/esp32/libesp32.a
LOAD /Users/R-Zaveri/esp/esp-idf/components/esp32/libhal.a
LOAD /Users/R-Zaveri/esp/esp-idf/components/esp32/lib/libcore.a
LOAD /Users/R-Zaveri/esp/esp-idf/components/esp32/lib/librtc.a
LOAD /Users/R-Zaveri/esp/esp-idf/components/esp32/lib/libnet80211.a
LOAD /Users/R-Zaveri/esp/esp-idf/components/esp32/lib/libpp.a
LOAD /Users/R-Zaveri/esp/esp-idf/components/esp32/lib/libwpa.a
LOAD /Users/R-Zaveri/esp/esp-idf/components/esp32/lib/libsmartconfig.a
LOAD /Users/R-Zaveri/esp/esp-idf/components/esp32/lib/libcoexist.a
LOAD /Users/R-Zaveri/esp/esp-idf/components/esp32/lib/libwps.a
LOAD /Users/R-Zaveri/esp/esp-idf/components/esp32/lib/libwpa2.a
LOAD /Users/R-Zaveri/esp/esp-idf/components/esp32/lib/libespnow.a
LOAD /Users/R-Zaveri/esp/esp-idf/components/esp32/lib/libphy.a
LOAD /Users/R-Zaveri/esp/esp-idf/components/esp32/lib/libmesh.a
LOAD /Users/R-Zaveri/Desktop/EC444/receiver/build/esp_adc_cal/libesp_adc_cal.a
LOAD /Users/R-Zaveri/Desktop/EC444/receiver/build/esp_http_client/libesp_http_client.a
LOAD /Users/R-Zaveri/Desktop/EC444/receiver/build/esp_https_ota/libesp_https_ota.a
LOAD /Users/R-Zaveri/Desktop/EC444/receiver/build/ethernet/libethernet.a
LOAD /Users/R-Zaveri/Desktop/EC444/receiver/build/expat/libexpat.a
LOAD /Users/R-Zaveri/Desktop/EC444/receiver/build/fatfs/libfatfs.a
LOAD /Users/R-Zaveri/Desktop/EC444/receiver/build/freertos/libfreertos.a
LOAD /Users/R-Zaveri/Desktop/EC444/receiver/build/heap/libheap.a
LOAD /Users/R-Zaveri/Desktop/EC444/receiver/build/http_server/libhttp_server.a
LOAD /Users/R-Zaveri/Desktop/EC444/receiver/build/idf_test/libidf_test.a
LOAD /Users/R-Zaveri/Desktop/EC444/receiver/build/jsmn/libjsmn.a
LOAD /Users/R-Zaveri/Desktop/EC444/receiver/build/json/libjson.a
LOAD /Users/R-Zaveri/Desktop/EC444/receiver/build/libsodium/liblibsodium.a
LOAD /Users/R-Zaveri/Desktop/EC444/receiver/build/log/liblog.a
LOAD /Users/R-Zaveri/Desktop/EC444/receiver/build/lwip/liblwip.a
LOAD /Users/R-Zaveri/Desktop/EC444/receiver/build/main/libmain.a
LOAD /Users/R-Zaveri/Desktop/EC444/receiver/build/mbedtls/libmbedtls.a
LOAD /Users/R-Zaveri/Desktop/EC444/receiver/build/mdns/libmdns.a
LOAD /Users/R-Zaveri/Desktop/EC444/receiver/build/micro-ecc/libmicro-ecc.a
LOAD /Users/R-Zaveri/esp/esp-idf/components/newlib/lib/libc.a
LOAD /Users/R-Zaveri/esp/esp-idf/components/newlib/lib/libm.a
LOAD /Users/R-Zaveri/Desktop/EC444/receiver/build/newlib/libnewlib.a
LOAD /Users/R-Zaveri/Desktop/EC444/receiver/build/nghttp/libnghttp.a
LOAD /Users/R-Zaveri/Desktop/EC444/receiver/build/nvs_flash/libnvs_flash.a
LOAD /Users/R-Zaveri/Desktop/EC444/receiver/build/openssl/libopenssl.a
LOAD /Users/R-Zaveri/Desktop/EC444/receiver/build/pthread/libpthread.a
LOAD /Users/R-Zaveri/Desktop/EC444/receiver/build/sdmmc/libsdmmc.a
LOAD /Users/R-Zaveri/Desktop/EC444/receiver/build/smartconfig_ack/libsmartconfig_ack.a
LOAD /Users/R-Zaveri/Desktop/EC444/receiver/build/soc/libsoc.a
LOAD /Users/R-Zaveri/Desktop/EC444/receiver/build/spi_flash/libspi_flash.a
LOAD /Users/R-Zaveri/Desktop/EC444/receiver/build/spiffs/libspiffs.a
LOAD /Users/R-Zaveri/Desktop/EC444/receiver/build/tcpip_adapter/libtcpip_adapter.a
LOAD /Users/R-Zaveri/Desktop/EC444/receiver/build/ulp/libulp.a
LOAD /Users/R-Zaveri/Desktop/EC444/receiver/build/vfs/libvfs.a
LOAD /Users/R-Zaveri/Desktop/EC444/receiver/build/wear_levelling/libwear_levelling.a
LOAD /Users/R-Zaveri/Desktop/EC444/receiver/build/wpa_supplicant/libwpa_supplicant.a
LOAD /Users/R-Zaveri/Desktop/EC444/receiver/build/xtensa-debug-module/libxtensa-debug-module.a
LOAD /Users/R-Zaveri/esp/xtensa-esp32-elf/bin/../lib/gcc/xtensa-esp32-elf/5.2.0/libgcc.a
LOAD /Users/R-Zaveri/esp/xtensa-esp32-elf/bin/../lib/gcc/xtensa-esp32-elf/5.2.0/../../../../xtensa-esp32-elf/lib/libstdc++.a
LOAD /Users/R-Zaveri/esp/xtensa-esp32-elf/bin/../lib/gcc/xtensa-esp32-elf/5.2.0/libgcov.a
END GROUP
                0x0000000040000000                _heap_end = 0x40000000

.rtc.text       0x00000000400c0000        0x0
                0x00000000400c0000                . = ALIGN (0x4)
 *(.rtc.literal .rtc.text)
 *rtc_wake_stub*.o(.literal .text .literal.* .text.*)

.rtc.data       0x0000000050000000        0x0
                0x0000000050000000                _rtc_data_start = ABSOLUTE (.)
 *(.rtc.data)
 *(.rtc.rodata)
 *rtc_wake_stub*.o(.data .rodata .data.* .rodata.* .bss .bss.*)
                0x0000000050000000                _rtc_data_end = ABSOLUTE (.)

.rtc.bss        0x0000000050000000        0x0
                0x0000000050000000                _rtc_bss_start = ABSOLUTE (.)
 *rtc_wake_stub*.o(.bss .bss.*)
 *rtc_wake_stub*.o(COMMON)
 *(.rtc.bss)
                0x0000000050000000                _rtc_bss_end = ABSOLUTE (.)

.rtc_noinit     0x0000000050000000        0x0
                0x0000000050000000                . = ALIGN (0x4)
                0x0000000050000000                _rtc_noinit_start = ABSOLUTE (.)
 *(.rtc_noinit .rtc_noinit.*)
                0x0000000050000000                . = ALIGN (0x4)
                0x0000000050000000                _rtc_noinit_end = ABSOLUTE (.)

.iram0.vectors  0x0000000040080000      0x400
                0x0000000040080000                _iram_start = ABSOLUTE (.)
                0x0000000040080000                _init_start = ABSOLUTE (.)
                0x0000000000000000                . = 0x0
 *(.WindowVectors.text)
 .WindowVectors.text
                0x0000000040080000      0x16a /Users/R-Zaveri/Desktop/EC444/receiver/build/freertos/libfreertos.a(xtensa_vectors.o)
                0x0000000040080000                _WindowOverflow4
                0x0000000040080040                _WindowUnderflow4
                0x0000000040080050                _xt_alloca_exc
                0x0000000040080080                _WindowOverflow8
                0x00000000400800c0                _WindowUnderflow8
                0x0000000040080100                _WindowOverflow12
                0x0000000040080140                _WindowUnderflow12
                0x0000000000000180                . = 0x180
 *fill*         0x000000004008016a       0x16 
 *(.Level2InterruptVector.text)
 .Level2InterruptVector.text
                0x0000000040080180        0x6 /Users/R-Zaveri/Desktop/EC444/receiver/build/freertos/libfreertos.a(xtensa_vectors.o)
                0x0000000040080180                _Level2Vector
                0x00000000000001c0                . = 0x1c0
 *fill*         0x0000000040080186       0x3a 
 *(.Level3InterruptVector.text)
 .Level3InterruptVector.text
                0x00000000400801c0        0x6 /Users/R-Zaveri/Desktop/EC444/receiver/build/freertos/libfreertos.a(xtensa_vectors.o)
                0x00000000400801c0                _Level3Vector
                0x0000000000000200                . = 0x200
 *fill*         0x00000000400801c6       0x3a 
 *(.Level4InterruptVector.text)
 .Level4InterruptVector.text
                0x0000000040080200        0x6 /Users/R-Zaveri/Desktop/EC444/receiver/build/freertos/libfreertos.a(xtensa_vectors.o)
                0x0000000040080200                _Level4Vector
                0x0000000000000240                . = 0x240
 *fill*         0x0000000040080206       0x3a 
 *(.Level5InterruptVector.text)
 .Level5InterruptVector.text
                0x0000000040080240        0x6 /Users/R-Zaveri/Desktop/EC444/receiver/build/freertos/libfreertos.a(xtensa_vectors.o)
                0x0000000040080240                _Level5Vector
                0x0000000000000280                . = 0x280
 *fill*         0x0000000040080246       0x3a 
 *(.DebugExceptionVector.text)
 .DebugExceptionVector.text
                0x0000000040080280        0x6 /Users/R-Zaveri/Desktop/EC444/receiver/build/freertos/libfreertos.a(xtensa_vectors.o)
                0x0000000040080280                _DebugExceptionVector
                0x00000000000002c0                . = 0x2c0
 *fill*         0x0000000040080286       0x3a 
 *(.NMIExceptionVector.text)
 .NMIExceptionVector.text
                0x00000000400802c0        0x6 /Users/R-Zaveri/Desktop/EC444/receiver/build/freertos/libfreertos.a(xtensa_vectors.o)
                0x00000000400802c0                _NMIExceptionVector
                0x0000000000000300                . = 0x300
 *fill*         0x00000000400802c6       0x3a 
 *(.KernelExceptionVector.text)
 .KernelExceptionVector.text
                0x0000000040080300        0x6 /Users/R-Zaveri/Desktop/EC444/receiver/build/freertos/libfreertos.a(xtensa_vectors.o)
                0x0000000040080300                _KernelExceptionVector
                0x0000000000000340                . = 0x340
 *fill*         0x0000000040080306       0x3a 
 *(.UserExceptionVector.text)
 .UserExceptionVector.text
                0x0000000040080340        0x6 /Users/R-Zaveri/Desktop/EC444/receiver/build/freertos/libfreertos.a(xtensa_vectors.o)
                0x0000000040080340                _UserExceptionVector
                0x00000000000003c0                . = 0x3c0
 *fill*         0x0000000040080346       0x7a 
 *(.DoubleExceptionVector.text)
 .DoubleExceptionVector.text
                0x00000000400803c0        0xf /Users/R-Zaveri/Desktop/EC444/receiver/build/freertos/libfreertos.a(xtensa_vectors.o)
                0x00000000400803c0                _DoubleExceptionVector
                0x0000000000000400                . = 0x400
 *fill*         0x00000000400803cf       0x31 
 *(.*Vector.literal)
 *(.UserEnter.literal)
 *(.UserEnter.text)
                0x0000000040080400                . = ALIGN (0x10)
 *(.entry.text)
 *(.init.literal)
 *(.init)
                0x0000000040080400                _init_end = ABSOLUTE (.)

.iram0.text     0x0000000040080400     0x9ac0
                0x0000000040080400                _iram_text_start = ABSOLUTE (.)
 *(.iram1 .iram1.*)
 .iram1.literal
                0x0000000040080400       0xa8 /Users/R-Zaveri/Desktop/EC444/receiver/build/esp32/libesp32.a(cpu_start.o)
                                        0x1c0 (size before relaxing)
 .iram1.literal
                0x00000000400804a8       0x1c /Users/R-Zaveri/Desktop/EC444/receiver/build/esp32/libesp32.a(crosscore_int.o)
                                         0x40 (size before relaxing)
 .iram1.literal
                0x00000000400804c4       0x38 /Users/R-Zaveri/Desktop/EC444/receiver/build/esp32/libesp32.a(dport_access.o)
                                         0x88 (size before relaxing)
 .iram1.literal
                0x00000000400804fc       0x28 /Users/R-Zaveri/Desktop/EC444/receiver/build/esp32/libesp32.a(esp_timer.o)
                                         0x60 (size before relaxing)
 .iram1.literal
                0x0000000040080524       0x60 /Users/R-Zaveri/Desktop/EC444/receiver/build/esp32/libesp32.a(esp_timer_esp32.o)
                                         0xf8 (size before relaxing)
 .iram1.literal
                0x0000000040080584        0xc /Users/R-Zaveri/Desktop/EC444/receiver/build/esp32/libesp32.a(int_wdt.o)
 .iram1.literal
                0x0000000040080590       0x20 /Users/R-Zaveri/Desktop/EC444/receiver/build/esp32/libesp32.a(intr_alloc.o)
                                         0x7c (size before relaxing)
 .iram1.literal
                0x00000000400805b0       0x20 /Users/R-Zaveri/Desktop/EC444/receiver/build/esp32/libesp32.a(ipc.o)
                                         0x34 (size before relaxing)
 .iram1.literal
                0x00000000400805d0       0x50 /Users/R-Zaveri/Desktop/EC444/receiver/build/esp32/libesp32.a(system_api.o)
                                         0xd0 (size before relaxing)
 .iram1.literal
                0x0000000040080620       0x10 /Users/R-Zaveri/Desktop/EC444/receiver/build/esp32/libesp32.a(dport_panic_highint_hdl.o)
                                         0x28 (size before relaxing)
 .iram1.literal
                0x0000000040080630        0xc /Users/R-Zaveri/Desktop/EC444/receiver/build/esp32/libesp32.a(cache_err_int.o)
                                         0x18 (size before relaxing)
 .iram1.literal
                0x000000004008063c        0xc /Users/R-Zaveri/Desktop/EC444/receiver/build/esp32/libesp32.a(clk.o)
                                         0x20 (size before relaxing)
 .iram1.literal
                0x0000000040080648        0x4 /Users/R-Zaveri/Desktop/EC444/receiver/build/esp32/libesp32.a(freertos_hooks.o)
 .iram1.literal
                0x000000004008064c        0x4 /Users/R-Zaveri/Desktop/EC444/receiver/build/freertos/libfreertos.a(port.o)
 .iram1.literal
                0x0000000040080650       0x44 /Users/R-Zaveri/Desktop/EC444/receiver/build/freertos/libfreertos.a(xtensa_vectors.o)
                                         0x68 (size before relaxing)
 .iram1.literal
                0x0000000040080694       0x58 /Users/R-Zaveri/Desktop/EC444/receiver/build/heap/libheap.a(heap_caps.o)
                                         0xb0 (size before relaxing)
 .iram1.literal
                0x00000000400806ec       0x24 /Users/R-Zaveri/Desktop/EC444/receiver/build/log/liblog.a(log.o)
                                         0x48 (size before relaxing)
 .iram1.literal
                0x0000000040080710       0x14 /Users/R-Zaveri/Desktop/EC444/receiver/build/newlib/libnewlib.a(locks.o)
                                         0x90 (size before relaxing)
 .iram1.literal
                0x0000000040080724        0x8 /Users/R-Zaveri/Desktop/EC444/receiver/build/newlib/libnewlib.a(reent_init.o)
                                         0x10 (size before relaxing)
 .iram1.literal
                0x000000004008072c        0x4 /Users/R-Zaveri/Desktop/EC444/receiver/build/newlib/libnewlib.a(syscalls.o)
                                         0x14 (size before relaxing)
 .iram1.literal
                0x0000000040080730        0x4 /Users/R-Zaveri/Desktop/EC444/receiver/build/newlib/libnewlib.a(time.o)
                                         0x1c (size before relaxing)
 .iram1.literal
                0x0000000040080734       0x1c /Users/R-Zaveri/Desktop/EC444/receiver/build/soc/libsoc.a(cpu_util.o)
                                         0x30 (size before relaxing)
 .iram1.literal
                0x0000000040080750       0x50 /Users/R-Zaveri/Desktop/EC444/receiver/build/spi_flash/libspi_flash.a(cache_utils.o)
                                        0x120 (size before relaxing)
 .iram1.literal
                0x00000000400807a0       0x38 /Users/R-Zaveri/Desktop/EC444/receiver/build/spi_flash/libspi_flash.a(flash_ops.o)
                                         0xe4 (size before relaxing)
 .iram1.literal
                0x00000000400807d8       0x4c /Users/R-Zaveri/Desktop/EC444/receiver/build/spi_flash/libspi_flash.a(flash_mmap.o)
                                        0x11c (size before relaxing)
 .literal.pxPortInitialiseStack
                0x0000000040080824       0x10 /Users/R-Zaveri/Desktop/EC444/receiver/build/freertos/libfreertos.a(port.o)
                                         0x18 (size before relaxing)
 .literal.xPortStartScheduler
                0x0000000040080834        0x0 /Users/R-Zaveri/Desktop/EC444/receiver/build/freertos/libfreertos.a(port.o)
                                         0x14 (size before relaxing)
 .literal.xPortSysTickHandler
                0x0000000040080834        0x0 /Users/R-Zaveri/Desktop/EC444/receiver/build/freertos/libfreertos.a(port.o)
                                          0x8 (size before relaxing)
 .literal.vPortYieldOtherCore
                0x0000000040080834        0x0 /Users/R-Zaveri/Desktop/EC444/receiver/build/freertos/libfreertos.a(port.o)
                                          0x4 (size before relaxing)
 .literal.vPortReleaseTaskMPUSettings
                0x0000000040080834        0x0 /Users/R-Zaveri/Desktop/EC444/receiver/build/freertos/libfreertos.a(port.o)
                                          0x4 (size before relaxing)
 .literal.xPortInIsrContext
                0x0000000040080834        0x0 /Users/R-Zaveri/Desktop/EC444/receiver/build/freertos/libfreertos.a(port.o)
                                          0x8 (size before relaxing)
 .literal.vPortCPUInitializeMutex
                0x0000000040080834        0x4 /Users/R-Zaveri/Desktop/EC444/receiver/build/freertos/libfreertos.a(port.o)
 .literal.vPortCPUAcquireMutex
                0x0000000040080838       0x1c /Users/R-Zaveri/Desktop/EC444/receiver/build/freertos/libfreertos.a(port.o)
                                         0x30 (size before relaxing)
 .literal.vPortCPUReleaseMutex
                0x0000000040080854        0xc /Users/R-Zaveri/Desktop/EC444/receiver/build/freertos/libfreertos.a(port.o)
                                         0x20 (size before relaxing)
 .literal.prvIsQueueFull
                0x0000000040080860        0x0 /Users/R-Zaveri/Desktop/EC444/receiver/build/freertos/libfreertos.a(queue.o)
                                          0x8 (size before relaxing)
 .literal.prvCopyDataToQueue
                0x0000000040080860        0x0 /Users/R-Zaveri/Desktop/EC444/receiver/build/freertos/libfreertos.a(queue.o)
                                          0xc (size before relaxing)
 .literal.prvNotifyQueueSetContainer
                0x0000000040080860       0x14 /Users/R-Zaveri/Desktop/EC444/receiver/build/freertos/libfreertos.a(queue.o)
                                         0x34 (size before relaxing)
 .literal.prvCopyDataFromQueue
                0x0000000040080874        0x0 /Users/R-Zaveri/Desktop/EC444/receiver/build/freertos/libfreertos.a(queue.o)
                                          0x4 (size before relaxing)
 .literal.xQueueGenericReset
                0x0000000040080874        0x4 /Users/R-Zaveri/Desktop/EC444/receiver/build/freertos/libfreertos.a(queue.o)
                                         0x30 (size before relaxing)
 .literal.prvInitialiseNewQueue
                0x0000000040080878        0x0 /Users/R-Zaveri/Desktop/EC444/receiver/build/freertos/libfreertos.a(queue.o)
                                          0x4 (size before relaxing)
 .literal.xQueueGenericCreate
                0x0000000040080878        0x4 /Users/R-Zaveri/Desktop/EC444/receiver/build/freertos/libfreertos.a(queue.o)
                                         0x1c (size before relaxing)
 .literal.xQueueGetMutexHolder
                0x000000004008087c        0x0 /Users/R-Zaveri/Desktop/EC444/receiver/build/freertos/libfreertos.a(queue.o)
                                          0x8 (size before relaxing)
 .literal.xQueueCreateCountingSemaphore
                0x000000004008087c        0x4 /Users/R-Zaveri/Desktop/EC444/receiver/build/freertos/libfreertos.a(queue.o)
                                         0x28 (size before relaxing)
 .literal.xQueueGenericSend
                0x0000000040080880        0x4 /Users/R-Zaveri/Desktop/EC444/receiver/build/freertos/libfreertos.a(queue.o)
                                         0x7c (size before relaxing)
 .literal.prvInitialiseMutex
                0x0000000040080884        0x0 /Users/R-Zaveri/Desktop/EC444/receiver/build/freertos/libfreertos.a(queue.o)
                                          0x8 (size before relaxing)
 .literal.xQueueCreateMutex
                0x0000000040080884        0x0 /Users/R-Zaveri/Desktop/EC444/receiver/build/freertos/libfreertos.a(queue.o)
                                          0x8 (size before relaxing)
 .literal.xQueueGiveMutexRecursive
                0x0000000040080884        0x4 /Users/R-Zaveri/Desktop/EC444/receiver/build/freertos/libfreertos.a(queue.o)
                                         0x1c (size before relaxing)
 .literal.xQueueGenericSendFromISR
                0x0000000040080888        0x4 /Users/R-Zaveri/Desktop/EC444/receiver/build/freertos/libfreertos.a(queue.o)
                                         0x3c (size before relaxing)
 .literal.xQueueGiveFromISR
                0x000000004008088c        0x4 /Users/R-Zaveri/Desktop/EC444/receiver/build/freertos/libfreertos.a(queue.o)
                                         0x30 (size before relaxing)
 .literal.xQueueGenericReceive
                0x0000000040080890        0x4 /Users/R-Zaveri/Desktop/EC444/receiver/build/freertos/libfreertos.a(queue.o)
                                         0x78 (size before relaxing)
 .literal.xQueueTakeMutexRecursive
                0x0000000040080894        0x4 /Users/R-Zaveri/Desktop/EC444/receiver/build/freertos/libfreertos.a(queue.o)
                                         0x1c (size before relaxing)
 .literal.xQueueReceiveFromISR
                0x0000000040080898        0x4 /Users/R-Zaveri/Desktop/EC444/receiver/build/freertos/libfreertos.a(queue.o)
                                         0x30 (size before relaxing)
 .literal.uxQueueSpacesAvailable
                0x000000004008089c        0x4 /Users/R-Zaveri/Desktop/EC444/receiver/build/freertos/libfreertos.a(queue.o)
                                         0x1c (size before relaxing)
 .literal.vQueueDelete
                0x00000000400808a0        0x4 /Users/R-Zaveri/Desktop/EC444/receiver/build/freertos/libfreertos.a(queue.o)
                                         0x18 (size before relaxing)
 .literal.vQueueWaitForMessageRestricted
                0x00000000400808a4        0x0 /Users/R-Zaveri/Desktop/EC444/receiver/build/freertos/libfreertos.a(queue.o)
                                          0xc (size before relaxing)
 .literal.prvResetNextTaskUnblockTime
                0x00000000400808a4        0x8 /Users/R-Zaveri/Desktop/EC444/receiver/build/freertos/libfreertos.a(tasks.o)
 .literal.prvDeleteTLS
                0x00000000400808ac       0x10 /Users/R-Zaveri/Desktop/EC444/receiver/build/freertos/libfreertos.a(tasks.o)
                                         0x18 (size before relaxing)
 .literal.prvInitialiseNewTask
                0x00000000400808bc        0x0 /Users/R-Zaveri/Desktop/EC444/receiver/build/freertos/libfreertos.a(tasks.o)
                                         0x18 (size before relaxing)
 .literal.prvInitialiseTaskLists
                0x00000000400808bc       0x20 /Users/R-Zaveri/Desktop/EC444/receiver/build/freertos/libfreertos.a(tasks.o)
                                         0x40 (size before relaxing)
 .literal.prvDeleteTCB
                0x00000000400808dc        0x8 /Users/R-Zaveri/Desktop/EC444/receiver/build/freertos/libfreertos.a(tasks.o)
                                         0x2c (size before relaxing)
 .literal.prvAddCurrentTaskToDelayedList
                0x00000000400808e4        0x4 /Users/R-Zaveri/Desktop/EC444/receiver/build/freertos/libfreertos.a(tasks.o)
                                         0x1c (size before relaxing)
 .literal.taskYIELD_OTHER_CORE
                0x00000000400808e8        0x0 /Users/R-Zaveri/Desktop/EC444/receiver/build/freertos/libfreertos.a(tasks.o)
                                         0x10 (size before relaxing)
 .literal.vTaskSuspendAll
                0x00000000400808e8        0x4 /Users/R-Zaveri/Desktop/EC444/receiver/build/freertos/libfreertos.a(tasks.o)
                                          0x8 (size before relaxing)
 .literal.xTaskGetIdleTaskHandleForCPU
                0x00000000400808ec        0xc /Users/R-Zaveri/Desktop/EC444/receiver/build/freertos/libfreertos.a(tasks.o)
                                         0x1c (size before relaxing)
 .literal.vTaskSwitchContext
                0x00000000400808f8       0x18 /Users/R-Zaveri/Desktop/EC444/receiver/build/freertos/libfreertos.a(tasks.o)
                                         0x3c (size before relaxing)
 .literal.vTaskSetTimeOutState
                0x0000000040080910        0xc /Users/R-Zaveri/Desktop/EC444/receiver/build/freertos/libfreertos.a(tasks.o)
                                         0x20 (size before relaxing)
 .literal.xTaskGetCurrentTaskHandle
                0x000000004008091c        0x0 /Users/R-Zaveri/Desktop/EC444/receiver/build/freertos/libfreertos.a(tasks.o)
                                          0x8 (size before relaxing)
 .literal.__getreent
                0x000000004008091c        0x0 /Users/R-Zaveri/Desktop/EC444/receiver/build/freertos/libfreertos.a(tasks.o)
                                          0x8 (size before relaxing)
 .literal.pcTaskGetTaskName
                0x000000004008091c        0x8 /Users/R-Zaveri/Desktop/EC444/receiver/build/freertos/libfreertos.a(tasks.o)
                                         0x1c (size before relaxing)
 .literal.xTaskGetAffinity
                0x0000000040080924        0x0 /Users/R-Zaveri/Desktop/EC444/receiver/build/freertos/libfreertos.a(tasks.o)
                                          0x4 (size before relaxing)
 .literal.xTaskGetCurrentTaskHandleForCPU
                0x0000000040080924        0x0 /Users/R-Zaveri/Desktop/EC444/receiver/build/freertos/libfreertos.a(tasks.o)
                                          0x4 (size before relaxing)
 .literal.xTaskGetSchedulerState
                0x0000000040080924        0x4 /Users/R-Zaveri/Desktop/EC444/receiver/build/freertos/libfreertos.a(tasks.o)
                                          0xc (size before relaxing)
 .literal.vTaskEnterCritical
                0x0000000040080928       0x14 /Users/R-Zaveri/Desktop/EC444/receiver/build/freertos/libfreertos.a(tasks.o)
                                         0x34 (size before relaxing)
 .literal.vTaskExitCritical
                0x000000004008093c        0xc /Users/R-Zaveri/Desktop/EC444/receiver/build/freertos/libfreertos.a(tasks.o)
                                         0x28 (size before relaxing)
 .literal.prvAddNewTaskToReadyList
                0x0000000040080948       0x10 /Users/R-Zaveri/Desktop/EC444/receiver/build/freertos/libfreertos.a(tasks.o)
                                         0x58 (size before relaxing)
 .literal.xTaskCreatePinnedToCore
                0x0000000040080958        0x0 /Users/R-Zaveri/Desktop/EC444/receiver/build/freertos/libfreertos.a(tasks.o)
                                         0x18 (size before relaxing)
 .literal.vTaskStartScheduler
                0x0000000040080958       0x10 /Users/R-Zaveri/Desktop/EC444/receiver/build/freertos/libfreertos.a(tasks.o)
                                         0x3c (size before relaxing)
 .literal.vTaskDelete
                0x0000000040080968        0x8 /Users/R-Zaveri/Desktop/EC444/receiver/build/freertos/libfreertos.a(tasks.o)
                                         0x60 (size before relaxing)
 .literal.uxTaskPriorityGet
                0x0000000040080970        0x0 /Users/R-Zaveri/Desktop/EC444/receiver/build/freertos/libfreertos.a(tasks.o)
                                         0x10 (size before relaxing)
 .literal.vTaskPrioritySet
                0x0000000040080970        0x4 /Users/R-Zaveri/Desktop/EC444/receiver/build/freertos/libfreertos.a(tasks.o)
                                         0x44 (size before relaxing)
 .literal.prvCheckTasksWaitingTermination
                0x0000000040080974        0x8 /Users/R-Zaveri/Desktop/EC444/receiver/build/freertos/libfreertos.a(tasks.o)
                                         0x30 (size before relaxing)
 .literal.prvIdleTask
                0x000000004008097c        0x0 /Users/R-Zaveri/Desktop/EC444/receiver/build/freertos/libfreertos.a(tasks.o)
                                          0xc (size before relaxing)
 .literal.xTaskGetTickCount
                0x000000004008097c        0x4 /Users/R-Zaveri/Desktop/EC444/receiver/build/freertos/libfreertos.a(tasks.o)
                                         0x10 (size before relaxing)
 .literal.xTaskIncrementTick
                0x0000000040080980        0xc /Users/R-Zaveri/Desktop/EC444/receiver/build/freertos/libfreertos.a(tasks.o)
                                         0x78 (size before relaxing)
 .literal.xTaskResumeAll
                0x000000004008098c        0x8 /Users/R-Zaveri/Desktop/EC444/receiver/build/freertos/libfreertos.a(tasks.o)
                                         0x5c (size before relaxing)
 .literal.vTaskPlaceOnEventList
                0x0000000040080994        0x8 /Users/R-Zaveri/Desktop/EC444/receiver/build/freertos/libfreertos.a(tasks.o)
                                         0x40 (size before relaxing)
 .literal.vTaskPlaceOnEventListRestricted
                0x000000004008099c        0x8 /Users/R-Zaveri/Desktop/EC444/receiver/build/freertos/libfreertos.a(tasks.o)
                                         0x38 (size before relaxing)
 .literal.xTaskRemoveFromEventList
                0x00000000400809a4        0x8 /Users/R-Zaveri/Desktop/EC444/receiver/build/freertos/libfreertos.a(tasks.o)
                                         0x58 (size before relaxing)
 .literal.xTaskCheckForTimeOut
                0x00000000400809ac        0xc /Users/R-Zaveri/Desktop/EC444/receiver/build/freertos/libfreertos.a(tasks.o)
                                         0x3c (size before relaxing)
 .literal.vTaskPriorityInherit
                0x00000000400809b8        0x0 /Users/R-Zaveri/Desktop/EC444/receiver/build/freertos/libfreertos.a(tasks.o)
                                         0x2c (size before relaxing)
 .literal.xTaskPriorityDisinherit
                0x00000000400809b8        0x8 /Users/R-Zaveri/Desktop/EC444/receiver/build/freertos/libfreertos.a(tasks.o)
                                         0x40 (size before relaxing)
 .literal.pvTaskIncrementMutexHeldCount
                0x00000000400809c0        0x0 /Users/R-Zaveri/Desktop/EC444/receiver/build/freertos/libfreertos.a(tasks.o)
                                         0x10 (size before relaxing)
 .literal.prvGetNextExpireTime
                0x00000000400809c0        0x4 /Users/R-Zaveri/Desktop/EC444/receiver/build/freertos/libfreertos.a(timers.o)
 .literal.prvInsertTimerInActiveList
                0x00000000400809c4        0x4 /Users/R-Zaveri/Desktop/EC444/receiver/build/freertos/libfreertos.a(timers.o)
                                         0x10 (size before relaxing)
 .literal.prvCheckForValidListAndQueue
                0x00000000400809c8       0x1c /Users/R-Zaveri/Desktop/EC444/receiver/build/freertos/libfreertos.a(timers.o)
                                         0x44 (size before relaxing)
 .literal.xTimerCreateTimerTask
                0x00000000400809e4        0xc /Users/R-Zaveri/Desktop/EC444/receiver/build/freertos/libfreertos.a(timers.o)
                                         0x2c (size before relaxing)
 .literal.xTimerGenericCommand
                0x00000000400809f0        0x0 /Users/R-Zaveri/Desktop/EC444/receiver/build/freertos/libfreertos.a(timers.o)
                                         0x14 (size before relaxing)
 .literal.prvSwitchTimerLists
                0x00000000400809f0        0x4 /Users/R-Zaveri/Desktop/EC444/receiver/build/freertos/libfreertos.a(timers.o)
                                         0x28 (size before relaxing)
 .literal.prvSampleTimeNow
                0x00000000400809f4        0x4 /Users/R-Zaveri/Desktop/EC444/receiver/build/freertos/libfreertos.a(timers.o)
                                          0xc (size before relaxing)
 .literal.prvProcessExpiredTimer
                0x00000000400809f8        0x4 /Users/R-Zaveri/Desktop/EC444/receiver/build/freertos/libfreertos.a(timers.o)
                                         0x24 (size before relaxing)
 .literal.prvProcessTimerOrBlockTask
                0x00000000400809fc        0x0 /Users/R-Zaveri/Desktop/EC444/receiver/build/freertos/libfreertos.a(timers.o)
                                         0x24 (size before relaxing)
 .literal.prvProcessReceivedCommands
                0x00000000400809fc        0x8 /Users/R-Zaveri/Desktop/EC444/receiver/build/freertos/libfreertos.a(timers.o)
                                         0x40 (size before relaxing)
 .literal.prvTimerTask
                0x0000000040080a04        0x0 /Users/R-Zaveri/Desktop/EC444/receiver/build/freertos/libfreertos.a(timers.o)
                                          0xc (size before relaxing)
 .literal._xt_tick_divisor_init
                0x0000000040080a04        0x8 /Users/R-Zaveri/Desktop/EC444/receiver/build/freertos/libfreertos.a(xtensa_init.o)
                                          0xc (size before relaxing)
 .literal.xt_unhandled_interrupt
                0x0000000040080a0c        0x4 /Users/R-Zaveri/Desktop/EC444/receiver/build/freertos/libfreertos.a(xtensa_intr.o)
                                          0x8 (size before relaxing)
 .literal.xt_set_interrupt_handler
                0x0000000040080a10        0x8 /Users/R-Zaveri/Desktop/EC444/receiver/build/freertos/libfreertos.a(xtensa_intr.o)
                                          0xc (size before relaxing)
 .literal       0x0000000040080a18        0xc /Users/R-Zaveri/Desktop/EC444/receiver/build/freertos/libfreertos.a(portasm.o)
                                         0x54 (size before relaxing)
 .literal       0x0000000040080a24        0x0 /Users/R-Zaveri/Desktop/EC444/receiver/build/freertos/libfreertos.a(xtensa_context.o)
                                         0x10 (size before relaxing)
 .literal.prvReturnItemByteBuf
                0x0000000040080a24        0xc /Users/R-Zaveri/Desktop/EC444/receiver/build/freertos/libfreertos.a(ringbuf.o)
                                         0x1c (size before relaxing)
 .literal.prvGetItemByteBuf
                0x0000000040080a30        0x4 /Users/R-Zaveri/Desktop/EC444/receiver/build/freertos/libfreertos.a(ringbuf.o)
                                         0x24 (size before relaxing)
 .literal.prvCheckItemFitsByteBuffer
                0x0000000040080a34        0x4 /Users/R-Zaveri/Desktop/EC444/receiver/build/freertos/libfreertos.a(ringbuf.o)
                                         0x14 (size before relaxing)
 .literal.prvReturnItemDefault
                0x0000000040080a38        0x4 /Users/R-Zaveri/Desktop/EC444/receiver/build/freertos/libfreertos.a(ringbuf.o)
                                         0x44 (size before relaxing)
 .literal.prvGetItemDefault
                0x0000000040080a3c        0x4 /Users/R-Zaveri/Desktop/EC444/receiver/build/freertos/libfreertos.a(ringbuf.o)
                                         0x4c (size before relaxing)
 .literal.prvCheckItemFitsDefault
                0x0000000040080a40        0x4 /Users/R-Zaveri/Desktop/EC444/receiver/build/freertos/libfreertos.a(ringbuf.o)
                                         0x1c (size before relaxing)
 .literal.prvGetFreeSize
                0x0000000040080a44        0x4 /Users/R-Zaveri/Desktop/EC444/receiver/build/freertos/libfreertos.a(ringbuf.o)
                                         0x14 (size before relaxing)
 .literal.prvCopyItemByteBuf
                0x0000000040080a48        0x4 /Users/R-Zaveri/Desktop/EC444/receiver/build/freertos/libfreertos.a(ringbuf.o)
                                         0x1c (size before relaxing)
 .literal.prvCopyItemAllowSplit
                0x0000000040080a4c        0x4 /Users/R-Zaveri/Desktop/EC444/receiver/build/freertos/libfreertos.a(ringbuf.o)
                                         0x2c (size before relaxing)
 .literal.prvCopyItemNoSplit
                0x0000000040080a50        0x4 /Users/R-Zaveri/Desktop/EC444/receiver/build/freertos/libfreertos.a(ringbuf.o)
                                         0x28 (size before relaxing)
 .literal.prvReceiveGeneric
                0x0000000040080a54        0x4 /Users/R-Zaveri/Desktop/EC444/receiver/build/freertos/libfreertos.a(ringbuf.o)
                                         0x3c (size before relaxing)
 .literal.prvReceiveGenericFromISR
                0x0000000040080a58        0x4 /Users/R-Zaveri/Desktop/EC444/receiver/build/freertos/libfreertos.a(ringbuf.o)
                                         0x2c (size before relaxing)
 .literal.xRingbufferCreate
                0x0000000040080a5c       0x38 /Users/R-Zaveri/Desktop/EC444/receiver/build/freertos/libfreertos.a(ringbuf.o)
                                         0x6c (size before relaxing)
 .literal.xRingbufferSend
                0x0000000040080a94        0x4 /Users/R-Zaveri/Desktop/EC444/receiver/build/freertos/libfreertos.a(ringbuf.o)
                                         0x40 (size before relaxing)
 .literal.xRingbufferSendFromISR
                0x0000000040080a98        0x4 /Users/R-Zaveri/Desktop/EC444/receiver/build/freertos/libfreertos.a(ringbuf.o)
                                         0x30 (size before relaxing)
 .literal.xRingbufferReceive
                0x0000000040080a9c        0x4 /Users/R-Zaveri/Desktop/EC444/receiver/build/freertos/libfreertos.a(ringbuf.o)
                                         0x18 (size before relaxing)
 .literal.xRingbufferReceiveFromISR
                0x0000000040080aa0        0x4 /Users/R-Zaveri/Desktop/EC444/receiver/build/freertos/libfreertos.a(ringbuf.o)
                                         0x18 (size before relaxing)
 .literal.vRingbufferReturnItem
                0x0000000040080aa4        0x4 /Users/R-Zaveri/Desktop/EC444/receiver/build/freertos/libfreertos.a(ringbuf.o)
                                         0x28 (size before relaxing)
 .literal.vRingbufferReturnItemFromISR
                0x0000000040080aa8        0x4 /Users/R-Zaveri/Desktop/EC444/receiver/build/freertos/libfreertos.a(ringbuf.o)
                                         0x28 (size before relaxing)
 .literal.vRingbufferDelete
                0x0000000040080aac        0x4 /Users/R-Zaveri/Desktop/EC444/receiver/build/freertos/libfreertos.a(ringbuf.o)
                                         0x24 (size before relaxing)
 .literal.xRingbufferGetMaxItemSize
                0x0000000040080ab0        0x4 /Users/R-Zaveri/Desktop/EC444/receiver/build/freertos/libfreertos.a(ringbuf.o)
                                         0x14 (size before relaxing)
 .literal.get_prev_free_block
                0x0000000040080ab4       0x10 /Users/R-Zaveri/Desktop/EC444/receiver/build/heap/libheap.a(multi_heap.o)
                                         0x28 (size before relaxing)
 .literal.split_if_necessary
                0x0000000040080ac4       0x10 /Users/R-Zaveri/Desktop/EC444/receiver/build/heap/libheap.a(multi_heap.o)
                                         0x50 (size before relaxing)
 .literal.assert_valid_block
                0x0000000040080ad4        0x0 /Users/R-Zaveri/Desktop/EC444/receiver/build/heap/libheap.a(multi_heap.o)
                                         0x2c (size before relaxing)
 .literal.merge_adjacent
                0x0000000040080ad4        0x8 /Users/R-Zaveri/Desktop/EC444/receiver/build/heap/libheap.a(multi_heap.o)
                                         0x4c (size before relaxing)
 .literal.multi_heap_get_allocated_size_impl
                0x0000000040080adc        0x0 /Users/R-Zaveri/Desktop/EC444/receiver/build/heap/libheap.a(multi_heap.o)
                                         0x10 (size before relaxing)
 .literal.multi_heap_malloc_impl
                0x0000000040080adc        0x0 /Users/R-Zaveri/Desktop/EC444/receiver/build/heap/libheap.a(multi_heap.o)
                                         0x28 (size before relaxing)
 .literal.multi_heap_free_impl
                0x0000000040080adc        0x0 /Users/R-Zaveri/Desktop/EC444/receiver/build/heap/libheap.a(multi_heap.o)
                                         0x50 (size before relaxing)
 .literal.multi_heap_realloc_impl
                0x0000000040080adc        0x8 /Users/R-Zaveri/Desktop/EC444/receiver/build/heap/libheap.a(multi_heap.o)
                                         0x68 (size before relaxing)
 .literal.panicPutChar
                0x0000000040080ae4        0x8 /Users/R-Zaveri/Desktop/EC444/receiver/build/esp32/libesp32.a(panic.o)
 .literal.panicPutStr
                0x0000000040080aec        0x0 /Users/R-Zaveri/Desktop/EC444/receiver/build/esp32/libesp32.a(panic.o)
                                          0x4 (size before relaxing)
 .literal.panicPutHex
                0x0000000040080aec        0x0 /Users/R-Zaveri/Desktop/EC444/receiver/build/esp32/libesp32.a(panic.o)
                                          0x8 (size before relaxing)
 .literal.panicPutDec
                0x0000000040080aec        0x4 /Users/R-Zaveri/Desktop/EC444/receiver/build/esp32/libesp32.a(panic.o)
                                         0x10 (size before relaxing)
 .literal.reconfigureAllWdts
                0x0000000040080af0       0x10 /Users/R-Zaveri/Desktop/EC444/receiver/build/esp32/libesp32.a(panic.o)
                                         0x24 (size before relaxing)
 .literal.putEntry
                0x0000000040080b00       0x10 /Users/R-Zaveri/Desktop/EC444/receiver/build/esp32/libesp32.a(panic.o)
                                         0x20 (size before relaxing)
 .literal.doBacktrace
                0x0000000040080b10       0x10 /Users/R-Zaveri/Desktop/EC444/receiver/build/esp32/libesp32.a(panic.o)
                                         0x24 (size before relaxing)
 .literal.invoke_abort
                0x0000000040080b20        0x4 /Users/R-Zaveri/Desktop/EC444/receiver/build/esp32/libesp32.a(panic.o)
                                          0x8 (size before relaxing)
 .literal.haltOtherCore
                0x0000000040080b24        0x0 /Users/R-Zaveri/Desktop/EC444/receiver/build/esp32/libesp32.a(panic.o)
                                          0x4 (size before relaxing)
 .literal.commonErrorHandler_dump
                0x0000000040080b24       0x30 /Users/R-Zaveri/Desktop/EC444/receiver/build/esp32/libesp32.a(panic.o)
                                         0x90 (size before relaxing)
 .literal.esp_panic_dig_reset
                0x0000000040080b54        0x0 /Users/R-Zaveri/Desktop/EC444/receiver/build/esp32/libesp32.a(panic.o)
                                         0x14 (size before relaxing)
 .literal.commonErrorHandler
                0x0000000040080b54        0x8 /Users/R-Zaveri/Desktop/EC444/receiver/build/esp32/libesp32.a(panic.o)
                                         0x4c (size before relaxing)
 .literal.abort
                0x0000000040080b5c        0x8 /Users/R-Zaveri/Desktop/EC444/receiver/build/esp32/libesp32.a(panic.o)
                                         0x18 (size before relaxing)
 .literal.vApplicationStackOverflowHook
                0x0000000040080b64        0x8 /Users/R-Zaveri/Desktop/EC444/receiver/build/esp32/libesp32.a(panic.o)
                                         0x18 (size before relaxing)
 .literal.panicHandler
                0x0000000040080b6c       0x34 /Users/R-Zaveri/Desktop/EC444/receiver/build/esp32/libesp32.a(panic.o)
                                         0xa8 (size before relaxing)
 .literal.xt_unhandled_exception
                0x0000000040080ba0       0x18 /Users/R-Zaveri/Desktop/EC444/receiver/build/esp32/libesp32.a(panic.o)
                                         0x64 (size before relaxing)
 .literal._esp_error_check_failed
                0x0000000040080bb8       0x14 /Users/R-Zaveri/Desktop/EC444/receiver/build/esp32/libesp32.a(panic.o)
                                         0x30 (size before relaxing)
 .literal.rtc_clk_32k_enable_common
                0x0000000040080bcc       0x14 /Users/R-Zaveri/Desktop/EC444/receiver/build/soc/libsoc.a(rtc_clk.o)
 .literal.rtc_clk_bbpll_disable
                0x0000000040080be0        0xc /Users/R-Zaveri/Desktop/EC444/receiver/build/soc/libsoc.a(rtc_clk.o)
                                         0x10 (size before relaxing)
 .literal.rtc_clk_bbpll_enable
                0x0000000040080bec        0x4 /Users/R-Zaveri/Desktop/EC444/receiver/build/soc/libsoc.a(rtc_clk.o)
                                          0x8 (size before relaxing)
 .literal.rtc_clk_32k_enable
                0x0000000040080bf0        0x4 /Users/R-Zaveri/Desktop/EC444/receiver/build/soc/libsoc.a(rtc_clk.o)
                                          0xc (size before relaxing)
 .literal.rtc_clk_32k_enable_external
                0x0000000040080bf4        0x0 /Users/R-Zaveri/Desktop/EC444/receiver/build/soc/libsoc.a(rtc_clk.o)
                                          0x4 (size before relaxing)
 .literal.rtc_clk_8m_enable
                0x0000000040080bf4        0xc /Users/R-Zaveri/Desktop/EC444/receiver/build/soc/libsoc.a(rtc_clk.o)
                                         0x10 (size before relaxing)
 .literal.rtc_clk_slow_freq_set
                0x0000000040080c00        0x0 /Users/R-Zaveri/Desktop/EC444/receiver/build/soc/libsoc.a(rtc_clk.o)
                                          0xc (size before relaxing)
 .literal.rtc_clk_slow_freq_get
                0x0000000040080c00        0x0 /Users/R-Zaveri/Desktop/EC444/receiver/build/soc/libsoc.a(rtc_clk.o)
                                          0x4 (size before relaxing)
 .literal.rtc_clk_slow_freq_get_hz
                0x0000000040080c00        0xc /Users/R-Zaveri/Desktop/EC444/receiver/build/soc/libsoc.a(rtc_clk.o)
                                         0x10 (size before relaxing)
 .literal.rtc_clk_fast_freq_set
                0x0000000040080c0c        0x4 /Users/R-Zaveri/Desktop/EC444/receiver/build/soc/libsoc.a(rtc_clk.o)
                                          0xc (size before relaxing)
 .literal.rtc_clk_bbpll_configure
                0x0000000040080c10       0x10 /Users/R-Zaveri/Desktop/EC444/receiver/build/soc/libsoc.a(rtc_clk.o)
                                         0x3c (size before relaxing)
 .literal.rtc_clk_xtal_freq_get
                0x0000000040080c20        0x8 /Users/R-Zaveri/Desktop/EC444/receiver/build/soc/libsoc.a(rtc_clk.o)
 .literal.rtc_clk_cpu_freq_mhz_to_config
                0x0000000040080c28        0x0 /Users/R-Zaveri/Desktop/EC444/receiver/build/soc/libsoc.a(rtc_clk.o)
                                          0x4 (size before relaxing)
 .literal.rtc_clk_cpu_freq_get_config
                0x0000000040080c28       0x14 /Users/R-Zaveri/Desktop/EC444/receiver/build/soc/libsoc.a(rtc_clk.o)
                                         0x28 (size before relaxing)
 .literal.rtc_clk_apb_freq_update
                0x0000000040080c3c        0x4 /Users/R-Zaveri/Desktop/EC444/receiver/build/soc/libsoc.a(rtc_clk.o)
 .literal.rtc_clk_cpu_freq_to_xtal
                0x0000000040080c40        0xc /Users/R-Zaveri/Desktop/EC444/receiver/build/soc/libsoc.a(rtc_clk.o)
                                         0x34 (size before relaxing)
 .literal.rtc_clk_cpu_freq_set_xtal
                0x0000000040080c4c        0x0 /Users/R-Zaveri/Desktop/EC444/receiver/build/soc/libsoc.a(rtc_clk.o)
                                         0x10 (size before relaxing)
 .literal.rtc_clk_cpu_freq_to_pll_mhz
                0x0000000040080c4c       0x10 /Users/R-Zaveri/Desktop/EC444/receiver/build/soc/libsoc.a(rtc_clk.o)
                                         0x38 (size before relaxing)
 .literal.rtc_clk_cpu_freq_to_8m
                0x0000000040080c5c        0x4 /Users/R-Zaveri/Desktop/EC444/receiver/build/soc/libsoc.a(rtc_clk.o)
                                         0x2c (size before relaxing)
 .literal.rtc_clk_cpu_freq_set_config
                0x0000000040080c60        0x0 /Users/R-Zaveri/Desktop/EC444/receiver/build/soc/libsoc.a(rtc_clk.o)
                                         0x30 (size before relaxing)
 .literal.rtc_clk_apb_freq_get
                0x0000000040080c60        0x4 /Users/R-Zaveri/Desktop/EC444/receiver/build/soc/libsoc.a(rtc_clk.o)
                                         0x10 (size before relaxing)
 .literal.rtc_init
                0x0000000040080c64       0x78 /Users/R-Zaveri/Desktop/EC444/receiver/build/soc/libsoc.a(rtc_init.o)
                                         0xdc (size before relaxing)
 .literal.rtc_clk_cal_internal
                0x0000000040080cdc       0x28 /Users/R-Zaveri/Desktop/EC444/receiver/build/soc/libsoc.a(rtc_time.o)
                                         0x64 (size before relaxing)
 .literal.rtc_clk_cal
                0x0000000040080d04        0x0 /Users/R-Zaveri/Desktop/EC444/receiver/build/soc/libsoc.a(rtc_time.o)
                                          0xc (size before relaxing)
 .literal.rtc_time_get
                0x0000000040080d04       0x10 /Users/R-Zaveri/Desktop/EC444/receiver/build/soc/libsoc.a(rtc_time.o)
                                         0x18 (size before relaxing)
 .literal.rtc_clk_wait_for_slow_cycle
                0x0000000040080d14        0x8 /Users/R-Zaveri/Desktop/EC444/receiver/build/soc/libsoc.a(rtc_time.o)
                                         0x20 (size before relaxing)
 .literal.rtc_wdt_get_protect_status
                0x0000000040080d1c        0x8 /Users/R-Zaveri/Desktop/EC444/receiver/build/soc/libsoc.a(rtc_wdt.o)
 .literal.rtc_wdt_protect_off
                0x0000000040080d24        0x0 /Users/R-Zaveri/Desktop/EC444/receiver/build/soc/libsoc.a(rtc_wdt.o)
                                          0x8 (size before relaxing)
 .literal.rtc_wdt_protect_on
                0x0000000040080d24        0x0 /Users/R-Zaveri/Desktop/EC444/receiver/build/soc/libsoc.a(rtc_wdt.o)
                                          0x4 (size before relaxing)
 .literal.rtc_wdt_enable
                0x0000000040080d24        0xc /Users/R-Zaveri/Desktop/EC444/receiver/build/soc/libsoc.a(rtc_wdt.o)
                                         0x10 (size before relaxing)
 .literal.rtc_wdt_feed
                0x0000000040080d30        0x0 /Users/R-Zaveri/Desktop/EC444/receiver/build/soc/libsoc.a(rtc_wdt.o)
                                         0x14 (size before relaxing)
 .literal.rtc_wdt_set_time
                0x0000000040080d30       0x14 /Users/R-Zaveri/Desktop/EC444/receiver/build/soc/libsoc.a(rtc_wdt.o)
                                         0x20 (size before relaxing)
 .literal.rtc_wdt_set_stage
                0x0000000040080d44        0x8 /Users/R-Zaveri/Desktop/EC444/receiver/build/soc/libsoc.a(rtc_wdt.o)
                                         0x14 (size before relaxing)
 .literal.rtc_wdt_disable
                0x0000000040080d4c        0x0 /Users/R-Zaveri/Desktop/EC444/receiver/build/soc/libsoc.a(rtc_wdt.o)
                                         0x2c (size before relaxing)
 .literal.rtc_wdt_set_length_of_reset_signal
                0x0000000040080d4c        0x4 /Users/R-Zaveri/Desktop/EC444/receiver/build/soc/libsoc.a(rtc_wdt.o)
                                          0xc (size before relaxing)
 .literal.rtc_wdt_is_on
                0x0000000040080d50        0x0 /Users/R-Zaveri/Desktop/EC444/receiver/build/soc/libsoc.a(rtc_wdt.o)
                                          0x4 (size before relaxing)
 .literal       0x0000000040080d50        0x0 /Users/R-Zaveri/esp/esp-idf/components/esp32/libhal.a(windowspill_asm.o)
                                          0x4 (size before relaxing)
 .literal.esp_rom_spiflash_read_status
                0x0000000040080d50       0x10 /Users/R-Zaveri/Desktop/EC444/receiver/build/spi_flash/libspi_flash.a(spi_flash_rom_patch.o)
                                         0x14 (size before relaxing)
 .literal.esp_rom_spiflash_wait_idle
                0x0000000040080d60        0x8 /Users/R-Zaveri/Desktop/EC444/receiver/build/spi_flash/libspi_flash.a(spi_flash_rom_patch.o)
                                          0xc (size before relaxing)
 .literal.esp_rom_spiflash_erase_block_internal
                0x0000000040080d68        0x4 /Users/R-Zaveri/Desktop/EC444/receiver/build/spi_flash/libspi_flash.a(spi_flash_rom_patch.o)
                                         0x18 (size before relaxing)
 .literal.esp_rom_spiflash_erase_sector_internal
                0x0000000040080d6c        0x0 /Users/R-Zaveri/Desktop/EC444/receiver/build/spi_flash/libspi_flash.a(spi_flash_rom_patch.o)
                                         0x18 (size before relaxing)
 .literal.esp_rom_spiflash_read_data
                0x0000000040080d6c       0x18 /Users/R-Zaveri/Desktop/EC444/receiver/build/spi_flash/libspi_flash.a(spi_flash_rom_patch.o)
                                         0x34 (size before relaxing)
 .literal.esp_rom_spiflash_enable_write
                0x0000000040080d84        0x0 /Users/R-Zaveri/Desktop/EC444/receiver/build/spi_flash/libspi_flash.a(spi_flash_rom_patch.o)
                                         0x10 (size before relaxing)
 .literal.esp_rom_spiflash_program_page_internal
                0x0000000040080d84       0x10 /Users/R-Zaveri/Desktop/EC444/receiver/build/spi_flash/libspi_flash.a(spi_flash_rom_patch.o)
                                         0x40 (size before relaxing)
 .literal.esp_rom_spiflash_read_statushigh
                0x0000000040080d94        0x4 /Users/R-Zaveri/Desktop/EC444/receiver/build/spi_flash/libspi_flash.a(spi_flash_rom_patch.o)
                                          0xc (size before relaxing)
 .literal.esp_rom_spiflash_write_status
                0x0000000040080d98        0x4 /Users/R-Zaveri/Desktop/EC444/receiver/build/spi_flash/libspi_flash.a(spi_flash_rom_patch.o)
                                         0x14 (size before relaxing)
 .literal.esp_rom_spiflash_unlock
                0x0000000040080d9c        0x8 /Users/R-Zaveri/Desktop/EC444/receiver/build/spi_flash/libspi_flash.a(spi_flash_rom_patch.o)
                                         0x28 (size before relaxing)
 .literal.esp_rom_spiflash_erase_block
                0x0000000040080da4        0xc /Users/R-Zaveri/Desktop/EC444/receiver/build/spi_flash/libspi_flash.a(spi_flash_rom_patch.o)
                                         0x20 (size before relaxing)
 .literal.esp_rom_spiflash_erase_sector
                0x0000000040080db0        0x0 /Users/R-Zaveri/Desktop/EC444/receiver/build/spi_flash/libspi_flash.a(spi_flash_rom_patch.o)
                                         0x20 (size before relaxing)
 .literal.esp_rom_spiflash_write
                0x0000000040080db0        0x0 /Users/R-Zaveri/Desktop/EC444/receiver/build/spi_flash/libspi_flash.a(spi_flash_rom_patch.o)
                                         0x28 (size before relaxing)
 .literal.esp_rom_spiflash_write_encrypted
                0x0000000040080db0        0xc /Users/R-Zaveri/Desktop/EC444/receiver/build/spi_flash/libspi_flash.a(spi_flash_rom_patch.o)
                                         0x10 (size before relaxing)
 .literal.esp_rom_spiflash_read
                0x0000000040080dbc       0x30 /Users/R-Zaveri/Desktop/EC444/receiver/build/spi_flash/libspi_flash.a(spi_flash_rom_patch.o)
                                         0x5c (size before relaxing)
 .literal       0x0000000040080dec       0x10 /Users/R-Zaveri/esp/esp-idf/components/newlib/lib/libm.a(lib_a-s_fpclassify.o)
                                         0x18 (size before relaxing)
 .iram1         0x0000000040080dfc      0x25a /Users/R-Zaveri/Desktop/EC444/receiver/build/esp32/libesp32.a(cpu_start.o)
                                        0x30e (size before relaxing)
                0x0000000040080dfc                start_cpu0
                0x0000000040080dfc                start_cpu0_default
                0x0000000040080ecc                start_cpu1_default
                0x0000000040080ecc                start_cpu1
                0x0000000040080f48                call_start_cpu0
 *fill*         0x0000000040081056        0x2 
 .iram1         0x0000000040081058       0xb0 /Users/R-Zaveri/Desktop/EC444/receiver/build/esp32/libesp32.a(crosscore_int.o)
                                         0xc0 (size before relaxing)
                0x00000000400810f0                esp_crosscore_int_send_yield
                0x00000000400810fc                esp_crosscore_int_send_freq_switch
 .iram1         0x0000000040081108      0x1e3 /Users/R-Zaveri/Desktop/EC444/receiver/build/esp32/libesp32.a(dport_access.o)
                                        0x1ef (size before relaxing)
                0x0000000040081108                esp_dport_access_stall_other_cpu_start
                0x00000000400811b8                esp_dport_access_stall_other_cpu_end
                0x0000000040081234                esp_dport_access_stall_other_cpu_start_wrap
                0x000000004008123c                esp_dport_access_stall_other_cpu_end_wrap
                0x0000000040081244                esp_dport_access_int_pause
                0x0000000040081268                esp_dport_access_int_abort
                0x000000004008127c                esp_dport_access_int_resume
                0x00000000400812a0                esp_dport_access_reg_read
                0x00000000400812b8                esp_dport_access_sequence_reg_read
                0x00000000400812c4                esp_dport_access_read_buffer
 *fill*         0x00000000400812eb        0x1 
 .iram1         0x00000000400812ec      0x205 /Users/R-Zaveri/Desktop/EC444/receiver/build/esp32/libesp32.a(esp_timer.o)
                                        0x219 (size before relaxing)
                0x0000000040081408                esp_timer_stop
                0x000000004008142c                esp_timer_get_next_alarm
                0x000000004008144c                esp_timer_get_time
                0x000000004008145c                esp_timer_start_once
                0x00000000400814a0                esp_timer_start_periodic
 *fill*         0x00000000400814f1        0x3 
 .iram1         0x00000000400814f4      0x4af /Users/R-Zaveri/Desktop/EC444/receiver/build/esp32/libesp32.a(esp_timer_esp32.o)
                                        0x4bb (size before relaxing)
                0x0000000040081618                esp_timer_impl_get_time
                0x0000000040081788                esp_timer_impl_set_alarm
                0x00000000400818d0                esp_timer_impl_update_apb_freq
                0x0000000040081998                esp_timer_impl_get_min_period_us
 *fill*         0x00000000400819a3        0x1 
 .iram1         0x00000000400819a4       0x53 /Users/R-Zaveri/Desktop/EC444/receiver/build/esp32/libesp32.a(int_wdt.o)
 *fill*         0x00000000400819f7        0x1 
 .iram1         0x00000000400819f8      0x2b6 /Users/R-Zaveri/Desktop/EC444/receiver/build/esp32/libesp32.a(intr_alloc.o)
                                        0x2ce (size before relaxing)
                0x0000000040081a34                esp_intr_set_in_iram
                0x0000000040081abc                esp_intr_enable
                0x0000000040081b44                esp_intr_disable
                0x0000000040081c0c                esp_intr_noniram_disable
                0x0000000040081c58                esp_intr_noniram_enable
                0x0000000040081c98                ets_isr_unmask
                0x0000000040081ca4                ets_isr_mask
 *fill*         0x0000000040081cae        0x2 
 .iram1         0x0000000040081cb0       0x7f /Users/R-Zaveri/Desktop/EC444/receiver/build/esp32/libesp32.a(ipc.o)
                                         0x8b (size before relaxing)
 *fill*         0x0000000040081d2f        0x1 
 .iram1         0x0000000040081d30      0x1f1 /Users/R-Zaveri/Desktop/EC444/receiver/build/esp32/libesp32.a(system_api.o)
                                        0x244 (size before relaxing)
                0x0000000040081da8                esp_restart_noos
                0x0000000040081f00                esp_restart
                0x0000000040081f00                system_restart
 *fill*         0x0000000040081f21        0x3 
 .iram1         0x0000000040081f24       0xda /Users/R-Zaveri/Desktop/EC444/receiver/build/esp32/libesp32.a(dport_panic_highint_hdl.o)
                0x0000000040081f24                xt_highint4
                0x0000000040081ffe                ld_include_panic_highint_hdl
 *fill*         0x0000000040081ffe        0x2 
 .iram1         0x0000000040082000       0x2c /Users/R-Zaveri/Desktop/EC444/receiver/build/esp32/libesp32.a(cache_err_int.o)
                                         0x34 (size before relaxing)
                0x0000000040082000                esp_cache_err_get_cpuid
 .iram1         0x000000004008202c       0x47 /Users/R-Zaveri/Desktop/EC444/receiver/build/esp32/libesp32.a(clk.o)
                                         0x4b (size before relaxing)
                0x000000004008202c                esp_clk_cpu_freq
                0x000000004008203c                esp_clk_apb_freq
                0x0000000040082054                esp_clk_xtal_freq
                0x0000000040082064                ets_update_cpu_frequency
 *fill*         0x0000000040082073        0x1 
 .iram1         0x0000000040082074       0x27 /Users/R-Zaveri/Desktop/EC444/receiver/build/esp32/libesp32.a(freertos_hooks.o)
                0x0000000040082074                esp_vApplicationTickHook
 *fill*         0x000000004008209b        0x1 
 .iram1         0x000000004008209c       0x1a /Users/R-Zaveri/Desktop/EC444/receiver/build/freertos/libfreertos.a(port.o)
                0x000000004008209c                xPortInterruptedFromISRContext
 *fill*         0x00000000400820b6        0x2 
 .iram1         0x00000000400820b8      0x4b4 /Users/R-Zaveri/Desktop/EC444/receiver/build/freertos/libfreertos.a(xtensa_vectors.o)
                0x00000000400820b8                _xt_panic
                0x00000000400821d0                _xt_user_exit
                0x00000000400824bc                _xt_medint2_exit
                0x0000000040082558                _xt_medint3_exit
 .iram1         0x000000004008256c      0x3f1 /Users/R-Zaveri/Desktop/EC444/receiver/build/heap/libheap.a(heap_caps.o)
                                        0x40d (size before relaxing)
                0x00000000400825fc                heap_caps_malloc
                0x000000004008269c                heap_caps_malloc_default
                0x00000000400826e0                heap_caps_malloc_prefer
                0x0000000040082738                heap_caps_free
                0x0000000040082770                heap_caps_realloc
                0x000000004008281c                heap_caps_realloc_default
                0x0000000040082874                heap_caps_realloc_prefer
                0x00000000400828d8                heap_caps_calloc
                0x0000000040082908                heap_caps_calloc_prefer
 *fill*         0x000000004008295d        0x3 
 .iram1         0x0000000040082960      0x18a /Users/R-Zaveri/Desktop/EC444/receiver/build/log/liblog.a(log.o)
                                        0x19a (size before relaxing)
                0x0000000040082960                esp_log_write
                0x0000000040082a90                esp_log_early_timestamp
                0x0000000040082aac                esp_log_timestamp
 *fill*         0x0000000040082aea        0x2 
 .iram1         0x0000000040082aec      0x1cc /Users/R-Zaveri/Desktop/EC444/receiver/build/newlib/libnewlib.a(locks.o)
                                        0x210 (size before relaxing)
                0x0000000040082c04                _lock_init
                0x0000000040082c14                _lock_init_recursive
                0x0000000040082c24                _lock_close
                0x0000000040082c60                _lock_acquire
                0x0000000040082c70                _lock_acquire_recursive
                0x0000000040082c80                _lock_try_acquire
                0x0000000040082c90                _lock_try_acquire_recursive
                0x0000000040082ca0                _lock_release
                0x0000000040082cac                _lock_release_recursive
 .iram1         0x0000000040082cb8       0x3c /Users/R-Zaveri/Desktop/EC444/receiver/build/newlib/libnewlib.a(reent_init.o)
                0x0000000040082cb8                esp_reent_init
 .iram1         0x0000000040082cf4       0x5a /Users/R-Zaveri/Desktop/EC444/receiver/build/newlib/libnewlib.a(syscalls.o)
                                         0x62 (size before relaxing)
                0x0000000040082cf4                _malloc_r
                0x0000000040082d00                _free_r
                0x0000000040082d0c                _realloc_r
                0x0000000040082d20                _calloc_r
 *fill*         0x0000000040082d4e        0x2 
 .iram1         0x0000000040082d50       0x70 /Users/R-Zaveri/Desktop/EC444/receiver/build/newlib/libnewlib.a(time.o)
                                         0x74 (size before relaxing)
                0x0000000040082d50                _gettimeofday_r
                0x0000000040082d98                _times_r
 .iram1         0x0000000040082dc0      0x11a /Users/R-Zaveri/Desktop/EC444/receiver/build/soc/libsoc.a(cpu_util.o)
                0x0000000040082dc0                esp_cpu_stall
                0x0000000040082e54                esp_cpu_unstall
                0x0000000040082ea8                esp_cpu_reset
                0x0000000040082ecc                esp_cpu_in_ocd_debug_mode
 *fill*         0x0000000040082eda        0x2 
 .iram1         0x0000000040082edc      0x2f4 /Users/R-Zaveri/Desktop/EC444/receiver/build/spi_flash/libspi_flash.a(cache_utils.o)
                                        0x340 (size before relaxing)
                0x0000000040082f40                spi_flash_op_block_func
                0x0000000040082fec                spi_flash_disable_interrupts_caches_and_other_cpu
                0x00000000400830cc                spi_flash_enable_interrupts_caches_and_other_cpu
                0x0000000040083164                spi_flash_disable_interrupts_caches_and_other_cpu_no_os
                0x0000000040083190                spi_flash_enable_interrupts_caches_no_os
                0x00000000400831ac                spi_flash_cache_enabled
 .iram1         0x00000000400831d0      0x722 /Users/R-Zaveri/Desktop/EC444/receiver/build/spi_flash/libspi_flash.a(flash_ops.o)
                                        0x74a (size before relaxing)
                0x0000000040083240                spi_flash_guard_set
                0x000000004008324c                spi_flash_guard_get
                0x0000000040083258                spi_flash_get_chip_size
                0x0000000040083264                spi_flash_erase_range
                0x000000004008331c                spi_flash_erase_sector
                0x0000000040083340                spi_flash_write
                0x0000000040083508                spi_flash_read
                0x00000000400837a0                spi_flash_read_encrypted
                0x00000000400837e8                spi_flash_write_encrypted
 *fill*         0x00000000400838f2        0x2 
 .iram1         0x00000000400838f4      0x4ce /Users/R-Zaveri/Desktop/EC444/receiver/build/spi_flash/libspi_flash.a(flash_mmap.o)
                                        0x502 (size before relaxing)
                0x0000000040083a20                spi_flash_mmap_pages
                0x0000000040083c60                spi_flash_mmap
                0x0000000040083cd4                spi_flash_munmap
                0x0000000040083d78                spi_flash_mark_modified_region
 *fill*         0x0000000040083dc2        0x2 
 .iram1         0x0000000040083dc4       0x20 /Users/R-Zaveri/Desktop/EC444/receiver/build/esp32/libesp32.a(dbg_stubs.o)
 *fill*         0x0000000040083de4        0x0 
 *fill*         0x0000000040083de4        0x0 
 *fill*         0x0000000040083de4        0x0 
 *fill*         0x0000000040083de4        0x0 
 *fill*         0x0000000040083de4        0x0 
 *fill*         0x0000000040083de4        0x0 
 *fill*         0x0000000040083de4        0x0 
 *fill*         0x0000000040083de4        0x0 
 *fill*         0x0000000040083de4        0x0 
 *fill*         0x0000000040083de4        0x0 
 .iram1         0x0000000040083de4       0x2e /Users/R-Zaveri/Desktop/EC444/receiver/build/freertos/libfreertos.a(xtensa_vector_defaults.o)
                0x0000000040083de4                xt_debugexception
                0x0000000040083e04                xt_highint5
                0x0000000040083e0c                _xt_nmi
                0x0000000040083e0c                xt_nmi
 *fill*         0x0000000040083e12        0x0 
 *fill*         0x0000000040083e12        0x0 
 *fill*         0x0000000040083e12        0x0 
 *fill*         0x0000000040083e12        0x0 
 *fill*         0x0000000040083e12        0x0 
 *fill*         0x0000000040083e12        0x0 
 *libfreertos.a:(.literal .text .literal.* .text.*)
 *fill*         0x0000000040083e12        0x2 
 .text.pxPortInitialiseStack
                0x0000000040083e14       0x86 /Users/R-Zaveri/Desktop/EC444/receiver/build/freertos/libfreertos.a(port.o)
                0x0000000040083e14                pxPortInitialiseStack
 *fill*         0x0000000040083e9a        0x2 
 .text.xPortStartScheduler
                0x0000000040083e9c       0x22 /Users/R-Zaveri/Desktop/EC444/receiver/build/freertos/libfreertos.a(port.o)
                                         0x2e (size before relaxing)
                0x0000000040083e9c                xPortStartScheduler
 *fill*         0x0000000040083ebe        0x2 
 .text.xPortSysTickHandler
                0x0000000040083ec0       0x10 /Users/R-Zaveri/Desktop/EC444/receiver/build/freertos/libfreertos.a(port.o)
                                         0x16 (size before relaxing)
                0x0000000040083ec0                xPortSysTickHandler
 *fill*         0x0000000040083ed0        0x0 
 .text.vPortYieldOtherCore
                0x0000000040083ed0        0xa /Users/R-Zaveri/Desktop/EC444/receiver/build/freertos/libfreertos.a(port.o)
                                          0xe (size before relaxing)
                0x0000000040083ed0                vPortYieldOtherCore
 *fill*         0x0000000040083eda        0x2 
 .text.vPortReleaseTaskMPUSettings
                0x0000000040083edc        0xa /Users/R-Zaveri/Desktop/EC444/receiver/build/freertos/libfreertos.a(port.o)
                                          0xe (size before relaxing)
                0x0000000040083edc                vPortReleaseTaskMPUSettings
 *fill*         0x0000000040083ee6        0x2 
 .text.xPortInIsrContext
                0x0000000040083ee8       0x26 /Users/R-Zaveri/Desktop/EC444/receiver/build/freertos/libfreertos.a(port.o)
                0x0000000040083ee8                xPortInIsrContext
 *fill*         0x0000000040083f0e        0x2 
 .text.vPortCPUInitializeMutex
                0x0000000040083f10        0xe /Users/R-Zaveri/Desktop/EC444/receiver/build/freertos/libfreertos.a(port.o)
                0x0000000040083f10                vPortCPUInitializeMutex
 *fill*         0x0000000040083f1e        0x2 
 .text.vPortCPUAcquireMutex
                0x0000000040083f20       0x81 /Users/R-Zaveri/Desktop/EC444/receiver/build/freertos/libfreertos.a(port.o)
                                         0x88 (size before relaxing)
                0x0000000040083f20                vPortCPUAcquireMutex
 *fill*         0x0000000040083fa1        0x3 
 .text.vPortCPUReleaseMutex
                0x0000000040083fa4       0x4d /Users/R-Zaveri/Desktop/EC444/receiver/build/freertos/libfreertos.a(port.o)
                                         0x50 (size before relaxing)
                0x0000000040083fa4                vPortCPUReleaseMutex
 *fill*         0x0000000040083ff1        0x3 
 .text.prvIsQueueFull
                0x0000000040083ff4       0x2a /Users/R-Zaveri/Desktop/EC444/receiver/build/freertos/libfreertos.a(queue.o)
 *fill*         0x000000004008401e        0x2 
 .text.prvCopyDataToQueue
                0x0000000040084020       0x9e /Users/R-Zaveri/Desktop/EC444/receiver/build/freertos/libfreertos.a(queue.o)
 *fill*         0x00000000400840be        0x2 
 .text.prvNotifyQueueSetContainer
                0x00000000400840c0       0x77 /Users/R-Zaveri/Desktop/EC444/receiver/build/freertos/libfreertos.a(queue.o)
                                         0x8a (size before relaxing)
 *fill*         0x0000000040084137        0x1 
 .text.prvCopyDataFromQueue
                0x0000000040084138       0x24 /Users/R-Zaveri/Desktop/EC444/receiver/build/freertos/libfreertos.a(queue.o)
 .text.xQueueGenericReset
                0x000000004008415c       0x86 /Users/R-Zaveri/Desktop/EC444/receiver/build/freertos/libfreertos.a(queue.o)
                                         0x96 (size before relaxing)
                0x000000004008415c                xQueueGenericReset
 *fill*         0x00000000400841e2        0x2 
 .text.prvInitialiseNewQueue
                0x00000000400841e4       0x1f /Users/R-Zaveri/Desktop/EC444/receiver/build/freertos/libfreertos.a(queue.o)
                                         0x23 (size before relaxing)
 *fill*         0x0000000040084203        0x1 
 .text.xQueueGenericCreate
                0x0000000040084204       0x49 /Users/R-Zaveri/Desktop/EC444/receiver/build/freertos/libfreertos.a(queue.o)
                                         0x4d (size before relaxing)
                0x0000000040084204                xQueueGenericCreate
 *fill*         0x000000004008424d        0x3 
 .text.xQueueGetMutexHolder
                0x0000000040084250       0x23 /Users/R-Zaveri/Desktop/EC444/receiver/build/freertos/libfreertos.a(queue.o)
                0x0000000040084250                xQueueGetMutexHolder
 *fill*         0x0000000040084273        0x1 
 .text.xQueueCreateCountingSemaphore
                0x0000000040084274       0x66 /Users/R-Zaveri/Desktop/EC444/receiver/build/freertos/libfreertos.a(queue.o)
                                         0x6a (size before relaxing)
                0x0000000040084274                xQueueCreateCountingSemaphore
 *fill*         0x00000000400842da        0x2 
 .text.xQueueGenericSend
                0x00000000400842dc      0x158 /Users/R-Zaveri/Desktop/EC444/receiver/build/freertos/libfreertos.a(queue.o)
                                        0x18c (size before relaxing)
                0x00000000400842dc                xQueueGenericSend
 .text.prvInitialiseMutex
                0x0000000040084434       0x22 /Users/R-Zaveri/Desktop/EC444/receiver/build/freertos/libfreertos.a(queue.o)
                                         0x26 (size before relaxing)
 *fill*         0x0000000040084456        0x2 
 .text.xQueueCreateMutex
                0x0000000040084458       0x16 /Users/R-Zaveri/Desktop/EC444/receiver/build/freertos/libfreertos.a(queue.o)
                                         0x1a (size before relaxing)
                0x0000000040084458                xQueueCreateMutex
 *fill*         0x000000004008446e        0x2 
 .text.xQueueGiveMutexRecursive
                0x0000000040084470       0x48 /Users/R-Zaveri/Desktop/EC444/receiver/build/freertos/libfreertos.a(queue.o)
                                         0x4c (size before relaxing)
                0x0000000040084470                xQueueGiveMutexRecursive
 .text.xQueueGenericSendFromISR
                0x00000000400844b8       0xd6 /Users/R-Zaveri/Desktop/EC444/receiver/build/freertos/libfreertos.a(queue.o)
                                         0xe6 (size before relaxing)
                0x00000000400844b8                xQueueGenericSendFromISR
 *fill*         0x000000004008458e        0x2 
 .text.xQueueGiveFromISR
                0x0000000040084590       0xb6 /Users/R-Zaveri/Desktop/EC444/receiver/build/freertos/libfreertos.a(queue.o)
                                         0xc2 (size before relaxing)
                0x0000000040084590                xQueueGiveFromISR
 *fill*         0x0000000040084646        0x2 
 .text.xQueueGenericReceive
                0x0000000040084648      0x144 /Users/R-Zaveri/Desktop/EC444/receiver/build/freertos/libfreertos.a(queue.o)
                                        0x178 (size before relaxing)
                0x0000000040084648                xQueueGenericReceive
 .text.xQueueTakeMutexRecursive
                0x000000004008478c       0x51 /Users/R-Zaveri/Desktop/EC444/receiver/build/freertos/libfreertos.a(queue.o)
                0x000000004008478c                xQueueTakeMutexRecursive
 *fill*         0x00000000400847dd        0x3 
 .text.xQueueReceiveFromISR
                0x00000000400847e0       0x96 /Users/R-Zaveri/Desktop/EC444/receiver/build/freertos/libfreertos.a(queue.o)
                                         0xa6 (size before relaxing)
                0x00000000400847e0                xQueueReceiveFromISR
 *fill*         0x0000000040084876        0x2 
 .text.uxQueueSpacesAvailable
                0x0000000040084878       0x36 /Users/R-Zaveri/Desktop/EC444/receiver/build/freertos/libfreertos.a(queue.o)
                                         0x3e (size before relaxing)
                0x0000000040084878                uxQueueSpacesAvailable
 *fill*         0x00000000400848ae        0x2 
 .text.vQueueDelete
                0x00000000400848b0       0x28 /Users/R-Zaveri/Desktop/EC444/receiver/build/freertos/libfreertos.a(queue.o)
                0x00000000400848b0                vQueueDelete
 .text.vQueueWaitForMessageRestricted
                0x00000000400848d8       0x23 /Users/R-Zaveri/Desktop/EC444/receiver/build/freertos/libfreertos.a(queue.o)
                                         0x2a (size before relaxing)
                0x00000000400848d8                vQueueWaitForMessageRestricted
 *fill*         0x00000000400848fb        0x1 
 .text.prvResetNextTaskUnblockTime
                0x00000000400848fc       0x34 /Users/R-Zaveri/Desktop/EC444/receiver/build/freertos/libfreertos.a(tasks.o)
 .text.prvDeleteTLS
                0x0000000040084930       0x40 /Users/R-Zaveri/Desktop/EC444/receiver/build/freertos/libfreertos.a(tasks.o)
 .text.prvInitialiseNewTask
                0x0000000040084970       0xc4 /Users/R-Zaveri/Desktop/EC444/receiver/build/freertos/libfreertos.a(tasks.o)
                                         0xd0 (size before relaxing)
 .text.prvInitialiseTaskLists
                0x0000000040084a34       0x5a /Users/R-Zaveri/Desktop/EC444/receiver/build/freertos/libfreertos.a(tasks.o)
                                         0x6e (size before relaxing)
 *fill*         0x0000000040084a8e        0x2 
 .text.prvDeleteTCB
                0x0000000040084a90       0x56 /Users/R-Zaveri/Desktop/EC444/receiver/build/freertos/libfreertos.a(tasks.o)
                                         0x5d (size before relaxing)
 *fill*         0x0000000040084ae6        0x2 
 .text.prvAddCurrentTaskToDelayedList
                0x0000000040084ae8       0x66 /Users/R-Zaveri/Desktop/EC444/receiver/build/freertos/libfreertos.a(tasks.o)
                                         0x6a (size before relaxing)
 *fill*         0x0000000040084b4e        0x2 
 .text.taskYIELD_OTHER_CORE
                0x0000000040084b50       0x53 /Users/R-Zaveri/Desktop/EC444/receiver/build/freertos/libfreertos.a(tasks.o)
                0x0000000040084b50                taskYIELD_OTHER_CORE
 *fill*         0x0000000040084ba3        0x1 
 .text.vTaskSuspendAll
                0x0000000040084ba4       0x26 /Users/R-Zaveri/Desktop/EC444/receiver/build/freertos/libfreertos.a(tasks.o)
                0x0000000040084ba4                vTaskSuspendAll
 *fill*         0x0000000040084bca        0x2 
 .text.xTaskGetIdleTaskHandleForCPU
                0x0000000040084bcc       0x2a /Users/R-Zaveri/Desktop/EC444/receiver/build/freertos/libfreertos.a(tasks.o)
                                         0x2e (size before relaxing)
                0x0000000040084bcc                xTaskGetIdleTaskHandleForCPU
 *fill*         0x0000000040084bf6        0x2 
 .text.vTaskSwitchContext
                0x0000000040084bf8      0x27e /Users/R-Zaveri/Desktop/EC444/receiver/build/freertos/libfreertos.a(tasks.o)
                                        0x28a (size before relaxing)
                0x0000000040084bf8                vTaskSwitchContext
 *fill*         0x0000000040084e76        0x2 
 .text.vTaskSetTimeOutState
                0x0000000040084e78       0x34 /Users/R-Zaveri/Desktop/EC444/receiver/build/freertos/libfreertos.a(tasks.o)
                0x0000000040084e78                vTaskSetTimeOutState
 .text.xTaskGetCurrentTaskHandle
                0x0000000040084eac       0x1f /Users/R-Zaveri/Desktop/EC444/receiver/build/freertos/libfreertos.a(tasks.o)
                0x0000000040084eac                xTaskGetCurrentTaskHandle
 *fill*         0x0000000040084ecb        0x1 
 .text.__getreent
                0x0000000040084ecc       0x19 /Users/R-Zaveri/Desktop/EC444/receiver/build/freertos/libfreertos.a(tasks.o)
                0x0000000040084ecc                __getreent
 *fill*         0x0000000040084ee5        0x3 
 .text.pcTaskGetTaskName
                0x0000000040084ee8       0x2a /Users/R-Zaveri/Desktop/EC444/receiver/build/freertos/libfreertos.a(tasks.o)
                                         0x2d (size before relaxing)
                0x0000000040084ee8                pcTaskGetTaskName
 *fill*         0x0000000040084f12        0x2 
 .text.xTaskGetAffinity
                0x0000000040084f14       0x10 /Users/R-Zaveri/Desktop/EC444/receiver/build/freertos/libfreertos.a(tasks.o)
                                         0x13 (size before relaxing)
                0x0000000040084f14                xTaskGetAffinity
 *fill*         0x0000000040084f24        0x0 
 .text.xTaskGetCurrentTaskHandleForCPU
                0x0000000040084f24       0x18 /Users/R-Zaveri/Desktop/EC444/receiver/build/freertos/libfreertos.a(tasks.o)
                0x0000000040084f24                xTaskGetCurrentTaskHandleForCPU
 .text.xTaskGetSchedulerState
                0x0000000040084f3c       0x37 /Users/R-Zaveri/Desktop/EC444/receiver/build/freertos/libfreertos.a(tasks.o)
                0x0000000040084f3c                xTaskGetSchedulerState
 *fill*         0x0000000040084f73        0x1 
 .text.vTaskEnterCritical
                0x0000000040084f74       0xac /Users/R-Zaveri/Desktop/EC444/receiver/build/freertos/libfreertos.a(tasks.o)
                                         0xb3 (size before relaxing)
                0x0000000040084f74                vTaskEnterCritical
 *fill*         0x0000000040085020        0x0 
 .text.vTaskExitCritical
                0x0000000040085020       0x77 /Users/R-Zaveri/Desktop/EC444/receiver/build/freertos/libfreertos.a(tasks.o)
                0x0000000040085020                vTaskExitCritical
 *fill*         0x0000000040085097        0x1 
 .text.prvAddNewTaskToReadyList
                0x0000000040085098      0x160 /Users/R-Zaveri/Desktop/EC444/receiver/build/freertos/libfreertos.a(tasks.o)
                                        0x173 (size before relaxing)
 *fill*         0x00000000400851f8        0x0 
 .text.xTaskCreatePinnedToCore
                0x00000000400851f8       0x6e /Users/R-Zaveri/Desktop/EC444/receiver/build/freertos/libfreertos.a(tasks.o)
                                         0x76 (size before relaxing)
                0x00000000400851f8                xTaskCreatePinnedToCore
 *fill*         0x0000000040085266        0x2 
 .text.vTaskStartScheduler
                0x0000000040085268       0x77 /Users/R-Zaveri/Desktop/EC444/receiver/build/freertos/libfreertos.a(tasks.o)
                                         0x82 (size before relaxing)
                0x0000000040085268                vTaskStartScheduler
 *fill*         0x00000000400852df        0x1 
 .text.vTaskDelete
                0x00000000400852e0      0x10a /Users/R-Zaveri/Desktop/EC444/receiver/build/freertos/libfreertos.a(tasks.o)
                                        0x122 (size before relaxing)
                0x00000000400852e0                vTaskDelete
 *fill*         0x00000000400853ea        0x2 
 .text.uxTaskPriorityGet
                0x00000000400853ec       0x1c /Users/R-Zaveri/Desktop/EC444/receiver/build/freertos/libfreertos.a(tasks.o)
                                         0x23 (size before relaxing)
                0x00000000400853ec                uxTaskPriorityGet
 *fill*         0x0000000040085408        0x0 
 .text.vTaskPrioritySet
                0x0000000040085408      0x12d /Users/R-Zaveri/Desktop/EC444/receiver/build/freertos/libfreertos.a(tasks.o)
                                        0x143 (size before relaxing)
                0x0000000040085408                vTaskPrioritySet
 *fill*         0x0000000040085535        0x3 
 .text.prvCheckTasksWaitingTermination
                0x0000000040085538       0xbe /Users/R-Zaveri/Desktop/EC444/receiver/build/freertos/libfreertos.a(tasks.o)
                                         0xc6 (size before relaxing)
 *fill*         0x00000000400855f6        0x2 
 .text.prvIdleTask
                0x00000000400855f8        0xf /Users/R-Zaveri/Desktop/EC444/receiver/build/freertos/libfreertos.a(tasks.o)
                                         0x18 (size before relaxing)
 *fill*         0x0000000040085607        0x1 
 .text.xTaskGetTickCount
                0x0000000040085608       0x1c /Users/R-Zaveri/Desktop/EC444/receiver/build/freertos/libfreertos.a(tasks.o)
                                         0x20 (size before relaxing)
                0x0000000040085608                xTaskGetTickCount
 .text.xTaskIncrementTick
                0x0000000040085624      0x1b2 /Users/R-Zaveri/Desktop/EC444/receiver/build/freertos/libfreertos.a(tasks.o)
                                        0x1ce (size before relaxing)
                0x0000000040085624                xTaskIncrementTick
 *fill*         0x00000000400857d6        0x2 
 .text.xTaskResumeAll
                0x00000000400857d8      0x177 /Users/R-Zaveri/Desktop/EC444/receiver/build/freertos/libfreertos.a(tasks.o)
                                        0x186 (size before relaxing)
                0x00000000400857d8                xTaskResumeAll
 *fill*         0x000000004008594f        0x1 
 .text.vTaskPlaceOnEventList
                0x0000000040085950       0x83 /Users/R-Zaveri/Desktop/EC444/receiver/build/freertos/libfreertos.a(tasks.o)
                                         0x97 (size before relaxing)
                0x0000000040085950                vTaskPlaceOnEventList
 *fill*         0x00000000400859d3        0x1 
 .text.vTaskPlaceOnEventListRestricted
                0x00000000400859d4       0x5b /Users/R-Zaveri/Desktop/EC444/receiver/build/freertos/libfreertos.a(tasks.o)
                                         0x6f (size before relaxing)
                0x00000000400859d4                vTaskPlaceOnEventListRestricted
 *fill*         0x0000000040085a2f        0x1 
 .text.xTaskRemoveFromEventList
                0x0000000040085a30      0x134 /Users/R-Zaveri/Desktop/EC444/receiver/build/freertos/libfreertos.a(tasks.o)
                                        0x143 (size before relaxing)
                0x0000000040085a30                xTaskRemoveFromEventList
 *fill*         0x0000000040085b64        0x0 
 .text.xTaskCheckForTimeOut
                0x0000000040085b64       0x89 /Users/R-Zaveri/Desktop/EC444/receiver/build/freertos/libfreertos.a(tasks.o)
                                         0x94 (size before relaxing)
                0x0000000040085b64                xTaskCheckForTimeOut
 *fill*         0x0000000040085bed        0x3 
 .text.vTaskPriorityInherit
                0x0000000040085bf0       0xc4 /Users/R-Zaveri/Desktop/EC444/receiver/build/freertos/libfreertos.a(tasks.o)
                                         0xdb (size before relaxing)
                0x0000000040085bf0                vTaskPriorityInherit
 *fill*         0x0000000040085cb4        0x0 
 .text.xTaskPriorityDisinherit
                0x0000000040085cb4       0x97 /Users/R-Zaveri/Desktop/EC444/receiver/build/freertos/libfreertos.a(tasks.o)
                                         0xaa (size before relaxing)
                0x0000000040085cb4                xTaskPriorityDisinherit
 *fill*         0x0000000040085d4b        0x1 
 .text.pvTaskIncrementMutexHeldCount
                0x0000000040085d4c       0x50 /Users/R-Zaveri/Desktop/EC444/receiver/build/freertos/libfreertos.a(tasks.o)
                                         0x54 (size before relaxing)
                0x0000000040085d4c                pvTaskIncrementMutexHeldCount
 .text.prvGetNextExpireTime
                0x0000000040085d9c       0x20 /Users/R-Zaveri/Desktop/EC444/receiver/build/freertos/libfreertos.a(timers.o)
 .text.prvInsertTimerInActiveList
                0x0000000040085dbc       0x50 /Users/R-Zaveri/Desktop/EC444/receiver/build/freertos/libfreertos.a(timers.o)
                                         0x54 (size before relaxing)
 .text.prvCheckForValidListAndQueue
                0x0000000040085e0c       0x66 /Users/R-Zaveri/Desktop/EC444/receiver/build/freertos/libfreertos.a(timers.o)
                                         0x7e (size before relaxing)
 *fill*         0x0000000040085e72        0x2 
 .text.xTimerCreateTimerTask
                0x0000000040085e74       0x48 /Users/R-Zaveri/Desktop/EC444/receiver/build/freertos/libfreertos.a(timers.o)
                                         0x4c (size before relaxing)
                0x0000000040085e74                xTimerCreateTimerTask
 .text.xTimerGenericCommand
                0x0000000040085ebc       0x55 /Users/R-Zaveri/Desktop/EC444/receiver/build/freertos/libfreertos.a(timers.o)
                                         0x5d (size before relaxing)
                0x0000000040085ebc                xTimerGenericCommand
 *fill*         0x0000000040085f11        0x3 
 .text.prvSwitchTimerLists
                0x0000000040085f14       0x76 /Users/R-Zaveri/Desktop/EC444/receiver/build/freertos/libfreertos.a(timers.o)
                                         0x82 (size before relaxing)
 *fill*         0x0000000040085f8a        0x2 
 .text.prvSampleTimeNow
                0x0000000040085f8c       0x2b /Users/R-Zaveri/Desktop/EC444/receiver/build/freertos/libfreertos.a(timers.o)
                                         0x2f (size before relaxing)
 *fill*         0x0000000040085fb7        0x1 
 .text.prvProcessExpiredTimer
                0x0000000040085fb8       0x53 /Users/R-Zaveri/Desktop/EC444/receiver/build/freertos/libfreertos.a(timers.o)
                                         0x5f (size before relaxing)
 *fill*         0x000000004008600b        0x1 
 .text.prvProcessTimerOrBlockTask
                0x000000004008600c       0x58 /Users/R-Zaveri/Desktop/EC444/receiver/build/freertos/libfreertos.a(timers.o)
                                         0x6c (size before relaxing)
 .text.prvProcessReceivedCommands
                0x0000000040086064       0xd6 /Users/R-Zaveri/Desktop/EC444/receiver/build/freertos/libfreertos.a(timers.o)
                                         0xe6 (size before relaxing)
 *fill*         0x000000004008613a        0x2 
 .text.prvTimerTask
                0x000000004008613c       0x15 /Users/R-Zaveri/Desktop/EC444/receiver/build/freertos/libfreertos.a(timers.o)
                                         0x1d (size before relaxing)
 *fill*         0x0000000040086151        0x3 
 .text._xt_tick_divisor_init
                0x0000000040086154       0x1c /Users/R-Zaveri/Desktop/EC444/receiver/build/freertos/libfreertos.a(xtensa_init.o)
                                         0x1f (size before relaxing)
                0x0000000040086154                _xt_tick_divisor_init
 *fill*         0x0000000040086170        0x0 
 .text.xt_unhandled_interrupt
                0x0000000040086170       0x16 /Users/R-Zaveri/Desktop/EC444/receiver/build/freertos/libfreertos.a(xtensa_intr.o)
                0x0000000040086170                xt_unhandled_interrupt
 *fill*         0x0000000040086186        0x2 
 .text.xt_set_interrupt_handler
                0x0000000040086188       0x46 /Users/R-Zaveri/Desktop/EC444/receiver/build/freertos/libfreertos.a(xtensa_intr.o)
                0x0000000040086188                xt_set_interrupt_handler
 *fill*         0x00000000400861ce        0x2 
 .text          0x00000000400861d0      0x1d0 /Users/R-Zaveri/Desktop/EC444/receiver/build/freertos/libfreertos.a(portasm.o)
                0x00000000400861d0                _frxt_setup_switch
                0x00000000400861e8                _frxt_int_enter
                0x0000000040086230                _frxt_int_exit
                0x0000000040086280                _frxt_timer_int
                0x00000000400862a8                _frxt_tick_timer_init
                0x00000000400862c0                _frxt_dispatch
                0x0000000040086308                vPortYield
                0x0000000040086354                vPortYieldFromInt
                0x0000000040086374                _frxt_task_coproc_state
 .text          0x00000000400863a0      0x12b /Users/R-Zaveri/Desktop/EC444/receiver/build/freertos/libfreertos.a(xtensa_context.o)
                0x00000000400863a0                _xt_context_save
                0x0000000040086408                _xt_context_restore
                0x000000004008644c                _xt_coproc_init
                0x0000000040086460                _xt_coproc_release
                0x000000004008648c                _xt_coproc_savecs
                0x00000000400864ac                _xt_coproc_restorecs
 *fill*         0x00000000400864cb        0x1 
 .text.prvReturnItemByteBuf
                0x00000000400864cc       0x4c /Users/R-Zaveri/Desktop/EC444/receiver/build/freertos/libfreertos.a(ringbuf.o)
                                         0x4f (size before relaxing)
 *fill*         0x0000000040086518        0x0 
 .text.prvGetItemByteBuf
                0x0000000040086518       0xd7 /Users/R-Zaveri/Desktop/EC444/receiver/build/freertos/libfreertos.a(ringbuf.o)